002___default-code


PS C:\Users\g7fie\OneDrive\Documenti\GitHub\flumen-G> python.exe .\experiments\interactive_test.py --wandb aguiar-kth-royal-institute-of-technology/g7-fiengo-msc-thesis/flow_model-vdp_test_data-vdp_test-jlj8nsma:v30
wandb:   2 of 2 files downloaded.  
{'_runtime': 1070.703141513, '_step': 111, '_timestamp': 1739814761.0070615, '_wandb': {'runtime': 1070}, 'best_epoch': 92, 'best_test': 0.0681478695736991, 'best_train': 0.01412739430273336, 'best_val': 0.030376552145869012, 'epoch': 112, 'lr': 0.00025, 'test_loss': 0.09295472121309668, 'time': 1047.422713279724, 'train_loss': 0.013990370265981824, 'val_loss': 0.037367201099793114}
{'args': {'control_dim': 1,
          'control_rnn_depth': 1,
          'control_rnn_size': 12,
          'decoder_depth': 2,
          'decoder_size': 1,
          'encoder_depth': 2,
          'encoder_size': 1,
          'output_dim': 2,
          'state_dim': 2,
          'use_batch_norm': False},
 'data_args': {'data_split': [20, 20],
               'n_samples': 200,
               'n_trajectories': 200,
               'noise_seed': None,
               'noise_std': 0.0,
               'output_name': 'vdp_test_data',      
               'settings': 'data_generation/vdp.yaml',
               'time_horizon': 10.0},
 'data_path': '/home/giuseppe/Desktop/KTH/Thesis/flumen-G/data/vdp_test_data.pkl',
 'data_settings': {'control_delta': 0.2,
                   'dynamics': {'args': {'damping': 1.0}, 'name': 'VanDerPol'},
                   'sequence_generator': {'args': {'period': 5},
                                          'name': 'GaussianSqWave'}}}

------------------------------------------------------------------------------------------------------------------------------------------------

003___new-Encoder


PS C:\Users\g7fie\OneDrive\Documenti\GitHub\flumen-G> python.exe .\experiments\interactive_test.py --wandb aguiar-kth-royal-institute-of-technology/g7-fiengo-msc-thesis/flow_model-vdp_test_data-vdp_test-xze6o603:v23
wandb:   2 of 2 files downloaded.  
{'_runtime': 1876.840737941, '_step': 59, '_timestamp': 1739885735.8029792, '_wandb': {'runtime': 1876}, 'best_epoch': 40, 'best_test': 0.03857732097071315, 'best_train': 0.015522787978172931, 'best_val': 0.08186018585212647, 'epoch': 60, 'lr': 0.0005, 'test_loss': 0.029452386031311655, 'time': 1864.2635102272031, 'train_loss': 0.011597255151226091, 'val_loss': 0.08240899272144787}
{'args': {'control_dim': 1,
          'control_rnn_depth': 1,
          'control_rnn_size': 12,
          'decoder_depth': 2,
          'decoder_size': 1,
          'encoder_depth': 2,
          'encoder_size': 1,
          'output_dim': 2,
          'state_dim': 2,
          'use_batch_norm': False},
 'data_args': {'data_split': [20, 20],
               'n_samples': 200,
               'n_trajectories': 200,
               'noise_seed': None,
               'noise_std': 0.0,
               'output_name': 'vdp_test_data',      
               'settings': 'data_generation/vdp.yaml',
               'time_horizon': 10.0},
 'data_path': '/home/giuseppe/Desktop/KTH/Thesis/flumen-G/data/vdp_test_data.pkl',
 'data_settings': {'control_delta': 0.2,
                   'dynamics': {'args': {'damping': 1.0}, 'name': 'VanDerPol'},
                   'sequence_generator': {'args': {'period': 5},
                                          'name': 'GaussianSqWave'}}}

------------------------------------------------------------------------------------------------------------------------------------------------

005___new-LSTM


PS C:\Users\g7fie\OneDrive\Documenti\GitHub\flumen-G> python.exe .\experiments\interactive_test.py --wandb aguiar-kth-royal-institute-of-technology/g7-fiengo-msc-thesis/flow_model-vdp_test_data-vdp_test-52zuch2k:v18
wandb:   2 of 2 files downloaded.  
{'_runtime': 6233.088474, '_step': 31, '_timestamp': 1740153810.4094262, '_wandb': {'runtime': 6341}, 'best_epoch': 31, 'best_test': 0.046496183951459234, 'best_train': 0.02178202904070969, 'best_val': 0.042363496674668225, 'epoch': 32, 'lr': 0.001, 'test_loss': 0.04526456543022678, 'time': 6205.528746366501, 'train_loss': 0.02056183809877703, 'val_loss': 0.04706020126976664}
{'args': {'control_dim': 1,
          'control_rnn_depth': 1,
          'control_rnn_size': 12,
          'decoder_depth': 2,
          'decoder_size': 1,
          'encoder_depth': 2,
          'encoder_size': 1,
          'output_dim': 2,
          'state_dim': 2,
          'use_batch_norm': False},
 'data_args': {'data_split': [20, 20],
               'n_samples': 200,
               'n_trajectories': 200,
               'noise_seed': None,
               'noise_std': 0.0,
               'output_name': 'vdp_test_data',      
               'settings': '.\\data_generation\\vdp.yaml',
               'time_horizon': 10.0},
 'data_path': 'C:/Users/g7fie/OneDrive/Documenti/GitHub/flumen-G/data/vdp_test_data.pkl',
 'data_settings': {'control_delta': 0.2,
                   'dynamics': {'args': {'damping': 1.0}, 'name': 'VanDerPol'},
                   'sequence_generator': {'args': {'period': 5},
                                          'name': 'GaussianSqWave'}}}
Timings: 0.024001359939575195, 0.8582096099853516
0.00961660961627996

------------------------------------------------------------------------------------------------------------------------------------------------

006___new-LSTM


PS C:\Users\g7fie\OneDrive\Documenti\GitHub\flumen-G> python.exe .\experiments\interactive_test.py --wandb aguiar-kth-royal-institute-of-technology/g7-fiengo-msc-thesis/flow_model-vdp_test_data-vdp_test-pbtnw3bf:v24
wandb:   2 of 2 files downloaded.  
{'_runtime': 6107.010322916, '_step': 64, '_timestamp': 1740337413.0724814, '_wandb': {'runtime': 6107}, 'best_epoch': 45, 'best_test': 0.06412715399785647, 'best_train': 0.016991450096524897, 'best_val': 0.05093690377497484, 'epoch': 65, 'lr': 0.0005, 'test_loss': 0.05433392481848834, 'time': 6086.771798610687, 'train_loss': 0.0092004129968623, 'val_loss': 0.05783890521833821}
{'args': {'control_dim': 1,
          'control_rnn_depth': 1,
          'control_rnn_size': 12,
          'decoder_depth': 2,
          'decoder_size': 1,
          'encoder_depth': 2,
          'encoder_size': 1,
          'output_dim': 2,
          'state_dim': 2,
          'use_batch_norm': False},
 'data_args': {'data_split': [20, 20],
               'n_samples': 200,
               'n_trajectories': 200,
               'noise_seed': None,
               'noise_std': 0.0,
               'output_name': 'vdp_test_data',      
               'settings': 'data_generation/vdp.yaml',
               'time_horizon': 10.0},
 'data_path': '/home/giuseppe/Desktop/KTH/Thesis/flumen-G/data/vdp_test_data.pkl',
 'data_settings': {'control_delta': 0.2,
                   'dynamics': {'args': {'damping': 1.0}, 'name': 'VanDerPol'},
                   'sequence_generator': {'args': {'period': 5},
                                          'name': 'GaussianSqWave'}}}
Timings: 0.03832221031188965, 0.8199701309204102
0.01699440263661218

------------------------------------------------------------------------------------------------------------------------------------------------

007___new-LSTM(1) / LSTM_06___first_DM.py


PS C:\Users\g7fie\OneDrive\Documenti\GitHub\flumen-G> python.exe .\experiments\interactive_test.py --wandb aguiar-kth-royal-institute-of-technology/g7-fiengo-msc-thesis/flow_model-vdp_test_data-vdp_test-9qyo6x4r:v30
wandb:   2 of 2 files downloaded.  
{'_runtime': 9218.6605851, '_step': 60, '_timestamp': 1740426466.3221452, '_wandb': {'runtime': 9218}, 'best_epoch': 61, 'best_test': 0.11439969715854478, 'best_train': 0.02425803190402726, 'best_val': 0.04724688281024259, 'epoch': 61, 'lr': 0.001, 'test_loss': 0.11439969715854478, 'time': 9199.148099899292, 'train_loss': 0.02425803190402726, 'val_loss': 0.04724688281024259}
{'args': {'control_dim': 1,
          'control_rnn_depth': 1,
          'control_rnn_size': 8,
          'decoder_depth': 2,
          'decoder_size': 1,
          'encoder_depth': 2,
          'encoder_size': 1,
          'output_dim': 2,
          'state_dim': 2,
          'use_batch_norm': False},
 'data_args': {'data_split': [20, 20],
               'n_samples': 200,
               'n_trajectories': 200,
               'noise_seed': None,
               'noise_std': 0.0,
               'output_name': 'vdp_test_data',
               'settings': 'data_generation/vdp.yaml',      
               'time_horizon': 15.0},
 'data_path': 'C:/Users/g7fie/OneDrive/Documenti/GitHub/flumen-G/data/vdp_test_data.pkl',
 'data_settings': {'control_delta': 0.2,
                   'dynamics': {'args': {'damping': 1.0}, 'name': 'VanDerPol'},
                   'sequence_generator': {'args': {'period': 5},
                                          'name': 'GaussianSqWave'}}}
Timings: 0.02952122688293457, 1.0127673149108887
0.025320995406926502

------------------------------------------------------------------------------------------------------------------------------------------------

007___new-LSTM(2) / LSTM_06___first_DM.py


PS C:\Users\g7fie\OneDrive\Documenti\GitHub\flumen-G> python.exe .\experiments\interactive_test.py --wandb aguiar-kth-royal-institute-of-technology/g7-fiengo-msc-thesis/flow_model-vdp_test_data-vdp_test-9qyo6x4r:v30
wandb:   2 of 2 files downloaded.  
{'_runtime': 9218.6605851, '_step': 60, '_timestamp': 1740426466.3221452, '_wandb': {'runtime': 9218}, 'best_epoch': 61, 'best_test': 0.11439969715854478, 'best_train': 0.02425803190402726, 'best_val': 0.04724688281024259, 'epoch': 61, 'lr': 0.001, 'test_loss': 0.11439969715854478, 'time': 9199.148099899292, 'train_loss': 0.02425803190402726, 'val_loss': 0.04724688281024259}
{'args': {'control_dim': 1,
          'control_rnn_depth': 1,
          'control_rnn_size': 8,
          'decoder_depth': 2,
          'decoder_size': 1,
          'encoder_depth': 2,
          'encoder_size': 1,
          'output_dim': 2,
          'state_dim': 2,
          'use_batch_norm': False},
 'data_args': {'data_split': [20, 20],
               'n_samples': 200,
               'n_trajectories': 200,
               'noise_seed': None,
               'noise_std': 0.0,
               'output_name': 'vdp_test_data',
               'settings': 'data_generation/vdp.yaml',      
               'time_horizon': 15.0},
 'data_path': 'C:/Users/g7fie/OneDrive/Documenti/GitHub/flumen-G/data/vdp_test_data.pkl',
 'data_settings': {'control_delta': 0.2,
                   'dynamics': {'args': {'damping': 1.0}, 'name': 'VanDerPol'},
                   'sequence_generator': {'args': {'period': 5},
                                          'name': 'GaussianSqWave'}}}
Timings: 0.026093006134033203, 1.1834354400634766
0.028793779562733685

------------------------------------------------------------------------------------------------------------------------------------------------

007___new-LSTM(3) / LSTM_06___first_DM.py


PS C:\Users\g7fie\OneDrive\Documenti\GitHub\flumen-G> python.exe .\experiments\interactive_test.py --wandb aguiar-kth-royal-institute-of-technology/g7-fiengo-msc-thesis/flow_model-vdp_test_data-vdp_test-9qyo6x4r:v30
wandb:   2 of 2 files downloaded.  
{'_runtime': 12590.5137433, '_step': 66, '_timestamp': 1740429838.1752734, '_wandb': {'runtime': 12590}, 'best_epoch': 63, 'best_test': 0.08391683063809834, 'best_train': 0.023757762576221787, 'best_val': 0.03939290060883477, 'epoch': 67, 'lr': 0.001, 'test_loss': 0.0924254282717667, 'time': 12571.0012280941, 'train_loss': 0.02796114632790839, 'val_loss': 0.045097659888958176}
{'args': {'control_dim': 1,
          'control_rnn_depth': 1,
          'control_rnn_size': 8,
          'decoder_depth': 2,
          'decoder_size': 1,
          'encoder_depth': 2,
          'encoder_size': 1,
          'output_dim': 2,
          'state_dim': 2,
          'use_batch_norm': False},
 'data_args': {'data_split': [20, 20],
               'n_samples': 200,
               'n_trajectories': 200,
               'noise_seed': None,
               'noise_std': 0.0,
               'output_name': 'vdp_test_data',
               'settings': 'data_generation/vdp.yaml',      
               'time_horizon': 15.0},
 'data_path': 'C:/Users/g7fie/OneDrive/Documenti/GitHub/flumen-G/data/vdp_test_data.pkl',
 'data_settings': {'control_delta': 0.2,
                   'dynamics': {'args': {'damping': 1.0}, 'name': 'VanDerPol'},
                   'sequence_generator': {'args': {'period': 5},
                                          'name': 'GaussianSqWave'}}}
Timings: 0.02253127098083496, 0.8703534603118896
0.04472198834658444

------------------------------------------------------------------------------------------------------------------------------------------------

007___new-LSTM(4) / LSTM_06___first_DM.py


PS C:\Users\g7fie\OneDrive\Documenti\GitHub\flumen-G> python.exe .\experiments\interactive_test.py --wandb aguiar-kth-royal-institute-of-technology/g7-fiengo-msc-thesis/flow_model-vdp_test_data-vdp_test-9qyo6x4r:v30
wandb:   2 of 2 files downloaded.  
{'_runtime': 12590.5137433, '_step': 66, '_timestamp': 1740429838.1752734, '_wandb': {'runtime': 12892}, 'best_epoch': 63, 'best_test': 0.08391683063809834, 'best_train': 0.023757762576221787, 'best_val': 0.03939290060883477, 'epoch': 67, 'lr': 0.001, 'test_loss': 0.0924254282717667, 'time': 12571.0012280941, 'train_loss': 0.02796114632790839, 'val_loss': 0.045097659888958176}
{'args': {'control_dim': 1,
          'control_rnn_depth': 1,
          'control_rnn_size': 8,
          'decoder_depth': 2,
          'decoder_size': 1,
          'encoder_depth': 2,
          'encoder_size': 1,
          'output_dim': 2,
          'state_dim': 2,
          'use_batch_norm': False},
 'data_args': {'data_split': [20, 20],
               'n_samples': 200,
               'n_trajectories': 200,
               'noise_seed': None,
               'noise_std': 0.0,
               'output_name': 'vdp_test_data',
               'settings': 'data_generation/vdp.yaml',      
               'time_horizon': 15.0},
 'data_path': 'C:/Users/g7fie/OneDrive/Documenti/GitHub/flumen-G/data/vdp_test_data.pkl',
 'data_settings': {'control_delta': 0.2,
                   'dynamics': {'args': {'damping': 1.0}, 'name': 'VanDerPol'},
                   'sequence_generator': {'args': {'period': 5},
                                          'name': 'GaussianSqWave'}}}
Timings: 0.02807164192199707, 0.8634185791015625
0.012343274104834675

------------------------------------------------------------------------------------------------------------------------------------------------

007___new-LSTM(5) / LSTM_06___first_DM.py


PS C:\Users\g7fie\OneDrive\Documenti\GitHub\flumen-G> python.exe .\experiments\interactive_test.py --wandb aguiar-kth-royal-institute-of-technology/g7-fiengo-msc-thesis/flow_model-vdp_test_data-vdp_test-9qyo6x4r:v30
wandb:   2 of 2 files downloaded.  
{'_runtime': 12892.354965, '_step': 67, '_timestamp': 1740430140.015451, '_wandb': {'runtime': 12892}, 'best_epoch': 63, 'best_test': 0.08391683063809834, 'best_train': 0.023757762576221787, 'best_val': 0.03939290060883477, 'epoch': 68, 'lr': 0.001, 'test_loss': 0.11099068507079096, 'time': 12872.841405630112, 'train_loss': 0.02273536986971974, 'val_loss': 0.04870927724100295}
{'args': {'control_dim': 1,
          'control_rnn_depth': 1,
          'control_rnn_size': 8,
          'decoder_depth': 2,
          'decoder_size': 1,
          'encoder_depth': 2,
          'encoder_size': 1,
          'output_dim': 2,
          'state_dim': 2,
          'use_batch_norm': False},
 'data_args': {'data_split': [20, 20],
               'n_samples': 200,
               'n_trajectories': 200,
               'noise_seed': None,
               'noise_std': 0.0,
               'output_name': 'vdp_test_data',
               'settings': 'data_generation/vdp.yaml',      
               'time_horizon': 15.0},
 'data_path': 'C:/Users/g7fie/OneDrive/Documenti/GitHub/flumen-G/data/vdp_test_data.pkl',
 'data_settings': {'control_delta': 0.2,
                   'dynamics': {'args': {'damping': 1.0}, 'name': 'VanDerPol'},
                   'sequence_generator': {'args': {'period': 5},
                                          'name': 'GaussianSqWave'}}}
Timings: 0.025409460067749023, 0.8903036117553711
0.01687521677048066

------------------------------------------------------------------------------------------------------------------------------------------------

007___new-LSTM(6) / LSTM_06___first_DM.py


PS C:\Users\g7fie\OneDrive\Documenti\GitHub\flumen-G> python.exe .\experiments\interactive_test.py --wandb aguiar-kth-royal-institute-of-technology/g7-fiengo-msc-thesis/flow_model-vdp_test_data-vdp_test-9qyo6x4r:v30
wandb:   2 of 2 files downloaded.  
{'_runtime': 12892.354965, '_step': 67, '_timestamp': 1740430140.015451, '_wandb': {'runtime': 12892}, 'best_epoch': 63, 'best_test': 0.08391683063809834, 'best_train': 0.023757762576221787, 'best_val': 0.03939290060883477, 'epoch': 68, 'lr': 0.001, 'test_loss': 0.11099068507079096, 'time': 12872.841405630112, 'train_loss': 0.02273536986971974, 'val_loss': 0.04870927724100295}
{'args': {'control_dim': 1,
          'control_rnn_depth': 1,
          'control_rnn_size': 8,
          'decoder_depth': 2,
          'decoder_size': 1,
          'encoder_depth': 2,
          'encoder_size': 1,
          'output_dim': 2,
          'state_dim': 2,
          'use_batch_norm': False},
 'data_args': {'data_split': [20, 20],
               'n_samples': 200,
               'n_trajectories': 200,
               'noise_seed': None,
               'noise_std': 0.0,
               'output_name': 'vdp_test_data',
               'settings': 'data_generation/vdp.yaml',      
               'time_horizon': 15.0},
 'data_path': 'C:/Users/g7fie/OneDrive/Documenti/GitHub/flumen-G/data/vdp_test_data.pkl',
 'data_settings': {'control_delta': 0.2,
                   'dynamics': {'args': {'damping': 1.0}, 'name': 'VanDerPol'},
                   'sequence_generator': {'args': {'period': 5},
                                          'name': 'GaussianSqWave'}}}
Timings: 0.028296947479248047, 1.0342297554016113
0.04520775499847253

------------------------------------------------------------------------------------------------------------------------------------------------

007___new-LSTM(7) / LSTM_06___first_DM.py


PS C:\Users\g7fie\OneDrive\Documenti\GitHub\flumen-G> python.exe .\experiments\interactive_test.py --wandb aguiar-kth-royal-institute-of-technology/g7-fiengo-msc-thesis/flow_model-vdp_test_data-vdp_test-9qyo6x4r:v33
wandb:   2 of 2 files downloaded.  
{'_runtime': 13228.3679994, '_step': 68, '_timestamp': 1740430476.0301545, '_wandb': {'runtime': 13228}, 'best_epoch': 63, 'best_test': 0.08391683063809834, 'best_train': 0.023757762576221787, 'best_val': 0.03939290060883477, 'epoch': 69, 'lr': 0.001, 'test_loss': 0.08817817117013628, 'time': 13208.855578899384, 'train_loss': 0.025686304326410645, 'val_loss': 0.049629264141595554}
{'args': {'control_dim': 1,
          'control_rnn_depth': 1,
          'control_rnn_size': 8,
          'decoder_depth': 2,
          'decoder_size': 1,
          'encoder_depth': 2,
          'encoder_size': 1,
          'output_dim': 2,
          'state_dim': 2,
          'use_batch_norm': False},
 'data_args': {'data_split': [20, 20],
               'n_samples': 200,
               'n_trajectories': 200,
               'noise_seed': None,
               'noise_std': 0.0,
               'output_name': 'vdp_test_data',
               'settings': 'data_generation/vdp.yaml',      
               'time_horizon': 15.0},
 'data_path': 'C:/Users/g7fie/OneDrive/Documenti/GitHub/flumen-G/data/vdp_test_data.pkl',
 'data_settings': {'control_delta': 0.2,
                   'dynamics': {'args': {'damping': 1.0}, 'name': 'VanDerPol'},
                   'sequence_generator': {'args': {'period': 5},
                                          'name': 'GaussianSqWave'}}}
Timings: 0.022000789642333984, 0.9927160739898682
0.039553266989551236

------------------------------------------------------------------------------------------------------------------------------------------------

007___new-LSTM(8) --- good! / LSTM_06___first_DM.py


PS C:\Users\g7fie\OneDrive\Documenti\GitHub\flumen-G> python.exe .\experiments\interactive_test.py --wandb aguiar-kth-royal-institute-of-technology/g7-fiengo-msc-thesis/flow_model-vdp_test_data-vdp_test-9qyo6x4r:v33
wandb:   2 of 2 files downloaded.  
{'_runtime': 13228.3679994, '_step': 68, '_timestamp': 1740430476.0301545, '_wandb': {'runtime': 13228}, 'best_epoch': 63, 'best_test': 0.08391683063809834, 'best_train': 0.023757762576221787, 'best_val': 0.03939290060883477, 'epoch': 69, 'lr': 0.001, 'test_loss': 0.08817817117013628, 'time': 13208.855578899384, 'train_loss': 0.025686304326410645, 'val_loss': 0.049629264141595554}
{'args': {'control_dim': 1,
          'control_rnn_depth': 1,
          'control_rnn_size': 8,
          'decoder_depth': 2,
          'decoder_size': 1,
          'encoder_depth': 2,
          'encoder_size': 1,
          'output_dim': 2,
          'state_dim': 2,
          'use_batch_norm': False},
 'data_args': {'data_split': [20, 20],
               'n_samples': 200,
               'n_trajectories': 200,
               'noise_seed': None,
               'noise_std': 0.0,
               'output_name': 'vdp_test_data',
               'settings': 'data_generation/vdp.yaml',      
               'time_horizon': 15.0},
 'data_path': 'C:/Users/g7fie/OneDrive/Documenti/GitHub/flumen-G/data/vdp_test_data.pkl',
 'data_settings': {'control_delta': 0.2,
                   'dynamics': {'args': {'damping': 1.0}, 'name': 'VanDerPol'},
                   'sequence_generator': {'args': {'period': 5},
                                          'name': 'GaussianSqWave'}}}
Timings: 0.020822525024414062, 1.0024137496948242
0.035132121629795975

------------------------------------------------------------------------------------------------------------------------------------------------

007___new-LSTM(9) / LSTM_06___first_DM.py


PS C:\Users\g7fie\OneDrive\Documenti\GitHub\flumen-G> python.exe .\experiments\interactive_test.py --wandb aguiar-kth-royal-institute-of-technology/g7-fiengo-msc-thesis/flow_model-vdp_test_data-vdp_test-9qyo6x4r:v33
wandb:   2 of 2 files downloaded.  
{'_runtime': 13228.3679994, '_step': 68, '_timestamp': 1740430476.0301545, '_wandb': {'runtime': 13228}, 'best_epoch': 63, 'best_test': 0.08391683063809834, 'best_train': 0.023757762576221787, 'best_val': 0.03939290060883477, 'epoch': 69, 'lr': 0.001, 'test_loss': 0.08817817117013628, 'time': 13208.855578899384, 'train_loss': 0.025686304326410645, 'val_loss': 0.049629264141595554}
{'args': {'control_dim': 1,
          'control_rnn_depth': 1,
          'control_rnn_size': 8,
          'decoder_depth': 2,
          'decoder_size': 1,
          'encoder_depth': 2,
          'encoder_size': 1,
          'output_dim': 2,
          'state_dim': 2,
          'use_batch_norm': False},
 'data_args': {'data_split': [20, 20],
               'n_samples': 200,
               'n_trajectories': 200,
               'noise_seed': None,
               'noise_std': 0.0,
               'output_name': 'vdp_test_data',
               'settings': 'data_generation/vdp.yaml',      
               'time_horizon': 15.0},
 'data_path': 'C:/Users/g7fie/OneDrive/Documenti/GitHub/flumen-G/data/vdp_test_data.pkl',
 'data_settings': {'control_delta': 0.2,
                   'dynamics': {'args': {'damping': 1.0}, 'name': 'VanDerPol'},
                   'sequence_generator': {'args': {'period': 5},
                                          'name': 'GaussianSqWave'}}}
Timings: 0.07027196884155273, 2.9603986740112305
0.011564968427645532

------------------------------------------------------------------------------------------------------------------------------------------------

008___new-LSTM --- bad! / LSTM_07___pyscript.py


PS C:\Users\g7fie\OneDrive\Documenti\GitHub\flumen-G> python.exe .\experiments\interactive_test.py --wandb aguiar-kth-royal-institute-of-technology/g7-fiengo-msc-thesis/flow_model-vdp_test_data-vdp_test-8susxagj:v5
wandb:   2 of 2 files downloaded.  
{'_runtime': 2636.0262737, '_step': 16, '_timestamp': 1740500096.9792206, '_wandb': {'runtime': 2747}, 'best_epoch': 8, 'best_test': 3.442047153200422, 'best_train': 2.4628484375262385, 'best_val': 3.3493364046490384, 'epoch': 17, 'lr': 0.001, 'test_loss': 3.4538647977132646, 'time': 2615.143908262253, 'train_loss': 2.227383645123275, 'val_loss': 3.5494111530364507}
{'args': {'control_dim': 1,
          'control_rnn_depth': 1,
          'control_rnn_size': 8,
          'decoder_depth': 2,
          'decoder_size': 1,
          'encoder_depth': 2,
          'encoder_size': 1,
          'output_dim': 2,
          'state_dim': 2,
          'use_batch_norm': False},       
 'data_args': {'data_split': [20, 20],
               'n_samples': 200,
               'n_trajectories': 200,     
               'noise_seed': None,        
               'noise_std': 0.0,
               'output_name': 'vdp_test_data',
               'settings': 'data_generation/vdp.yaml',
               'time_horizon': 15.0},     
 'data_path': 'C:/Users/g7fie/OneDrive/Documenti/GitHub/flumen-G/data/vdp_test_data.pkl',
 'data_settings': {'control_delta': 0.2,  
                   'dynamics': {'args': {'damping': 1.0}, 'name': 'VanDerPol'},     
                   'sequence_generator': {'args': {'period': 5},
                                          
'name': 'GaussianSqWave'}}}
Timings: 0.018863201141357422, 0.5061979293823242
2.943343860903476

------------------------------------------------------------------------------------------------------------------------------------------------

009___new-LSTM(1) / LSTM_08.py


PS C:\Users\g7fie\OneDrive\Documenti\GitHub\flumen-G> python.exe .\experiments\interactive_test.py --wandb aguiar-kth-royal-institute-of-technology/g7-fiengo-msc-thesis/flow_model-vdp_test_data-vdp_test-inkc5cfk:v29
# forgot to same the terminal output

------------------------------------------------------------------------------------------------------------------------------------------------

009___new-LSTM(5) / LSTM_08.py


PS C:\Users\g7fie\OneDrive\Documenti\GitHub\flumen-G> python.exe .\experiments\interactive_test.py --wandb aguiar-kth-royal-institute-of-technology/g7-fiengo-msc-thesis/flow_model-vdp_test_data-vdp_test-inkc5cfk:v29
C:\Users\g7fie\OneDrive\Documenti\GitHub\flumen-G\src\flumen\LSTM_my.py:60: SyntaxWarning: invalid escape sequence '\i'
  """
wandb:   2 of 2 files downloaded.  
{'_runtime': 6920.9206076, '_step': 43, '_timestamp': 1740507916.2359128, '_wandb': {'runtime': 6920}, 'best_epoch': 43, 'best_test': 0.05673211369486082, 'best_train': 0.03496907723367845, 'best_val': 0.2796749094175914, 'epoch': 44, 'lr': 0.001, 'test_loss': 0.058428846299648285, 'time': 6897.475360393524, 'train_loss': 0.029711594164529176, 'val_loss': 0.28459808395968544}
{'args': {'control_dim': 1,
          'control_rnn_depth': 1,
          'control_rnn_size': 8,
          'decoder_depth': 2,
          'decoder_size': 1,
          'encoder_depth': 2,
          'encoder_size': 1,
          'output_dim': 2,
          'state_dim': 2,
          'use_batch_norm': False},
 'data_args': {'data_split': [20, 20],
               'n_samples': 200,
               'n_trajectories': 200,
               'noise_seed': None,
               'noise_std': 0.0,
               'output_name': 'vdp_test_data',   
               'settings': 'data_generation/vdp.yaml',
               'time_horizon': 15.0},
 'data_path': 'C:/Users/g7fie/OneDrive/Documenti/GitHub/flumen-G/data/vdp_test_data.pkl',
 'data_settings': {'control_delta': 0.2,
                   'dynamics': {'args': {'damping': 1.0}, 'name': 'VanDerPol'},
                   'sequence_generator': {'args': {'period': 5},
                                          'name': 'GaussianSqWave'}}}
Timings: 0.03357386589050293, 1.0300509929656982
0.018999769180674173

------------------------------------------------------------------------------------------------------------------------------------------------

009___new-LSTM(2) / LSTM_08.py


PS C:\Users\g7fie\OneDrive\Documenti\GitHub\flumen-G> python.exe .\experiments\interactive_test.py --wandb aguiar-kth-royal-institute-of-technology/g7-fiengo-msc-thesis/flow_model-vdp_test_data-vdp_test-inkc5cfk:v32
wandb:   2 of 2 files downloaded.  
{'_runtime': 7290.709749, '_step': 45, '_timestamp': 1740508286.025054, '_wandb': {'runtime': 7290}, 'best_epoch': 45, 'best_test': 0.057728635649832466, 'best_train': 0.02921068677727981, 'best_val': 0.27701510891081793, 'epoch': 46, 'lr': 0.001, 'test_loss': 0.05660884188754218, 'time': 7267.264501571655, 'train_loss': 0.05261738786582278, 'val_loss': 0.2823867861713682}
{'args': {'control_dim': 1,
          'control_rnn_depth': 1,
          'control_rnn_size': 8,
          'decoder_depth': 2,
          'decoder_size': 1,
          'encoder_depth': 2,
          'encoder_size': 1,
          'output_dim': 2,
          'state_dim': 2,
          'use_batch_norm': False},
 'data_args': {'data_split': [20, 20],
               'n_samples': 200,
               'n_trajectories': 200,
               'noise_seed': None,
               'noise_std': 0.0,
               'output_name': 'vdp_test_data',   
               'settings': 'data_generation/vdp.yaml',
               'time_horizon': 15.0},
 'data_path': 'C:/Users/g7fie/OneDrive/Documenti/GitHub/flumen-G/data/vdp_test_data.pkl',
 'data_settings': {'control_delta': 0.2,
                   'dynamics': {'args': {'damping': 1.0}, 'name': 'VanDerPol'},
                   'sequence_generator': {'args': {'period': 5},
                                          'name': 'GaussianSqWave'}}}
Timings: 0.020520448684692383, 0.5966277122497559
0.01635100720687167

------------------------------------------------------------------------------------------------------------------------------------------------

009___new-LSTM(3) / LSTM_08.py


PS C:\Users\g7fie\OneDrive\Documenti\GitHub\flumen-G> python.exe .\experiments\interactive_test.py --wandb aguiar-kth-royal-institute-of-technology/g7-fiengo-msc-thesis/flow_model-vdp_test_data-vdp_test-inkc5cfk:v34
C:\Users\g7fie\OneDrive\Documenti\GitHub\flumen-G\src\flumen\LSTM_my.py:60: SyntaxWarning: invalid escape sequence '\i'
  """
wandb:   2 of 2 files downloaded.  
{'_runtime': 8055.6265541, '_step': 50, '_timestamp': 1740509050.941317, '_wandb': {'runtime': 8055}, 'best_epoch': 50, 'best_test': 0.052941458270190256, 'best_train': 0.026101484303436583, 'best_val': 0.26213606121757677, 'epoch': 51, 'lr': 0.001, 'test_loss': 0.05675290956620186, 'time': 8032.18076467514, 'train_loss': 0.026066893007034665, 'val_loss': 0.26720066214837723}
{'args': {'control_dim': 1,
          'control_rnn_depth': 1,
          'control_rnn_size': 8,
          'decoder_depth': 2,
          'decoder_size': 1,
          'encoder_depth': 2,
          'encoder_size': 1,
          'output_dim': 2,
          'state_dim': 2,
          'use_batch_norm': False},
 'data_args': {'data_split': [20, 20],
               'n_samples': 200,
               'n_trajectories': 200,
               'noise_seed': None,
               'noise_std': 0.0,
               'output_name': 'vdp_test_data',
               'settings': 'data_generation/vdp.yaml',
               'time_horizon': 15.0},
 'data_path': 'C:/Users/g7fie/OneDrive/Documenti/GitHub/flumen-G/data/vdp_test_data.pkl',
 'data_settings': {'control_delta': 0.2,
                   'dynamics': {'args': {'damping': 1.0}, 'name': 'VanDerPol'},
                   'sequence_generator': {'args': {'period': 5},
                                          'name': 'GaussianSqWave'}}}
Timings: 0.013382673263549805, 0.7032470703125
0.011425635212889597

------------------------------------------------------------------------------------------------------------------------------------------------

009___new-LSTM(4) --- good ! ####################################################################################################


PS C:\Users\g7fie\OneDrive\Documenti\GitHub\flumen-G> python.exe .\experiments\interactive_test.py --wandb aguiar-kth-royal-institute-of-technology/g7-fiengo-msc-thesis/flow_model-vdp_test_data-vdp_test-inkc5cfk:v44
wandb:   2 of 2 files downloaded.  
{'_runtime': 17349.091133, '_step': 98, '_timestamp': 1740518344.4053724, '_wandb': {'runtime': 17493}, 'best_epoch': 97, 'best_test': 0.04557893265570913, 'best_train': 0.017039695917259134, 'best_val': 0.23109009235151232, 'epoch': 99, 'lr': 0.0005, 'test_loss': 0.04779352785812484, 'time': 17325.6448199749, 'train_loss': 0.01854242477566004, 'val_loss': 0.2401606762219989}
{'args': {'control_dim': 1,
          'control_rnn_depth': 1,
          'control_rnn_size': 8,
          'decoder_depth': 2,
          'decoder_size': 1,
          'encoder_depth': 2,
          'encoder_size': 1,
          'output_dim': 2,
          'state_dim': 2,
          'use_batch_norm': False},
 'data_args': {'data_split': [20, 20],
               'n_samples': 200,
               'n_trajectories': 200,
               'noise_seed': None,
               'noise_std': 0.0,
               'output_name': 'vdp_test_data',     
               'settings': 'data_generation/vdp.yaml',
               'time_horizon': 15.0},
 'data_path': 'C:/Users/g7fie/OneDrive/Documenti/GitHub/flumen-G/data/vdp_test_data.pkl',
 'data_settings': {'control_delta': 0.2,
                   'dynamics': {'args': {'damping': 1.0}, 'name': 'VanDerPol'},
                   'sequence_generator': {'args': {'period': 5},
                                          'name': 'GaussianSqWave'}}}
Timings: 0.02181077003479004, 0.9064900875091553
0.03320770928908411

------------------------------------------------------------------------------------------------------------------------------------------------

010___new-GD_nesterov(1)


(base) giuseppe@giuseppe-HP-EliteBook-x360-1030-G2:~/Desktop/KTH/Thesis/flum
en-G$                           python experiments/interactive_t
est.py  --wandb aguiar-kth-royal-institute-of-technology/g7-fiengo-msc-thesis/flow_model-vdp_test_data-vdp_test-jzfymh4n:v21
wandb:   2 of 2 files downloaded.  
{'_runtime': 6918.9013712, '_step': 37, '_timestamp': 1740595667.6814637, '_wandb': {'runtime': 6918}, 'best_epoch': 36, 'best_test': 0.0964618625621947, 'best_train': 0.07952488702598703, 'best_val': 0.3812185887779509, 'epoch': 38, 'lr': 0.001, 'test_loss': 0.1822652897191426, 'time': 6876.536309480667, 'train_loss': 0.1484790047009786, 'val_loss': 0.47863298607251}
{'args': {'control_dim': 1,
          'control_rnn_depth': 1,
          'control_rnn_size': 8,
          'decoder_depth': 2,
          'decoder_size': 1,
          'encoder_depth': 2,
          'encoder_size': 1,
          'output_dim': 2,
          'state_dim': 2,
          'use_batch_norm': False},
 'data_args': {'data_split': [20, 20],
               'n_samples': 200,
               'n_trajectories': 200,
               'noise_seed': None,
               'noise_std': 0.0,
               'output_name': 'vdp_test_data',
               'settings': 'data_generation/vdp.yaml',
               'time_horizon': 15.0},
 'data_path': 'C:/Users/g7fie/OneDrive/Documenti/GitHub/flumen-G/data/vdp_test_data.pkl',
 'data_settings': {'control_delta': 0.2,
                   'dynamics': {'args': {'damping': 1.0}, 'name': 'VanDerPol'},
                   'sequence_generator': {'args': {'period': 5},
                                          'name': 'GaussianSqWave'}}}
Timings: 0.042838096618652344, 1.359299659729004
0.13085787968947893

------------------------------------------------------------------------------------------------------------------------------------------------

010___new-GD_nesterov(2)


(base) giuseppe@giuseppe-HP-EliteBook-x360-1030-G2:~/Desktop/KTH/Thesis/flum
en-G$                           python experiments/interactive_t
est.py  --wandb aguiar-kth-royal-institute-of-technology/g7-fiengo-msc-thesis/flow_model-vdp_test_data-vdp_test-jzfymh4n:v21
wandb:   2 of 2 files downloaded.  
{'_runtime': 6918.9013712, '_step': 37, '_timestamp': 1740595667.6814637, '_wandb': {'runtime': 6918}, 'best_epoch': 36, 'best_test': 0.0964618625621947, 'best_train': 0.07952488702598703, 'best_val': 0.3812185887779509, 'epoch': 38, 'lr': 0.001, 'test_loss': 0.1822652897191426, 'time': 6876.536309480667, 'train_loss': 0.1484790047009786, 'val_loss': 0.47863298607251}
{'args': {'control_dim': 1,
          'control_rnn_depth': 1,
          'control_rnn_size': 8,
          'decoder_depth': 2,
          'decoder_size': 1,
          'encoder_depth': 2,
          'encoder_size': 1,
          'output_dim': 2,
          'state_dim': 2,
          'use_batch_norm': False},
 'data_args': {'data_split': [20, 20],
               'n_samples': 200,
               'n_trajectories': 200,
               'noise_seed': None,
               'noise_std': 0.0,
               'output_name': 'vdp_test_data',
               'settings': 'data_generation/vdp.yaml',
               'time_horizon': 15.0},
 'data_path': 'C:/Users/g7fie/OneDrive/Documenti/GitHub/flumen-G/data/vdp_test_data.pkl',
 'data_settings': {'control_delta': 0.2,
                   'dynamics': {'args': {'damping': 1.0}, 'name': 'VanDerPol'},
                   'sequence_generator': {'args': {'period': 5},
                                          'name': 'GaussianSqWave'}}}
Timings: 0.0623779296875, 1.2984695434570312
0.08760973501943703

------------------------------------------------------------------------------------------------------------------------------------------------

010___new-GD_nesterov(3)


(base) giuseppe@giuseppe-HP-EliteBook-x360-1030-G2:~/Desktop/KTH/Thesis/flumen-G$ python experiments/interactive_test.py --wandb aguiar-kth-royal-institute-of-technology/g7-fiengo-msc-thesis/flow_model-vdp_test_data-vdp_test-jzfymh4n:v27
wandb:   2 of 2 files downloaded.  
{'_runtime': 18875.3433391, '_step': 59, '_timestamp': 1740607624.1233895, '_wandb': {'runtime': 19230}, 'best_epoch': 59, 'best_test': 0.1605906319760141, 'best_train': 0.10775734235843022, 'best_val': 0.3206177320745256, 'epoch': 60, 'lr': 0.001, 'test_loss': 0.08963417326883664, 'time': 18832.97823524475, 'train_loss': 0.07082183136747627, 'val_loss': 0.38437215108720085}
{'args': {'control_dim': 1,
          'control_rnn_depth': 1,
          'control_rnn_size': 8,
          'decoder_depth': 2,
          'decoder_size': 1,
          'encoder_depth': 2,
          'encoder_size': 1,
          'output_dim': 2,
          'state_dim': 2,
          'use_batch_norm': False},
 'data_args': {'data_split': [20, 20],
               'n_samples': 200,
               'n_trajectories': 200,
               'noise_seed': None,
               'noise_std': 0.0,
               'output_name': 'vdp_test_data',
               'settings': 'data_generation/vdp.yaml',
               'time_horizon': 15.0},
 'data_path': 'C:/Users/g7fie/OneDrive/Documenti/GitHub/flumen-G/data/vdp_test_data.pkl',
 'data_settings': {'control_delta': 0.2,
                   'dynamics': {'args': {'damping': 1.0}, 'name': 'VanDerPol'},
                   'sequence_generator': {'args': {'period': 5},
                                          'name': 'GaussianSqWave'}}}
Timings: 0.15021491050720215, 4.31624436378479
0.08070046092411808

------------------------------------------------------------------------------------------------------------------------------------------------

011___new-GD_adam(1)


(base) giuseppe@giuseppe-HP-EliteBook-x360-1030-G2:~/Desktop/KTH/Thesis/flum
en-G$                           python experiments/interactive_t
est.py  --wandb aguiar-kth-royal-institute-of-technology/g7-fiengo-msc-thesis/flow_model-vdp_test_data-vdp_test-5d4gglun:v20
wandb:   2 of 2 files downloaded.  
{'_runtime': 3670.466890884, '_step': 26, '_timestamp': 1740595577.46136, '_wandb': {'runtime': 3670}, 'best_epoch': 26, 'best_test': 0.1045539193446674, 'best_train': 0.07095818209742742, 'best_val': 0.18602970337110852, 'epoch': 27, 'lr': 0.001, 'test_loss': 0.10441211469116664, 'time': 3643.102586507797, 'train_loss': 0.062242043790993865, 'val_loss': 0.1929045564361981}
{'args': {'control_dim': 1,
          'control_rnn_depth': 1,
          'control_rnn_size': 8,
          'decoder_depth': 2,
          'decoder_size': 1,
          'encoder_depth': 2,
          'encoder_size': 1,
          'output_dim': 2,
          'state_dim': 2,
          'use_batch_norm': False},
 'data_args': {'data_split': [20, 20],
               'n_samples': 200,
               'n_trajectories': 200,
               'noise_seed': None,
               'noise_std': 0.0,
               'output_name': 'vdp_test_data',
               'settings': 'data_generation/vdp.yaml',
               'time_horizon': 15.0},
 'data_path': '/home/giuseppe/Desktop/KTH/Thesis/flumen-G/data/vdp_test_data.pkl',
 'data_settings': {'control_delta': 0.2,
                   'dynamics': {'args': {'damping': 1.0}, 'name': 'VanDerPol'},
                   'sequence_generator': {'args': {'period': 5},
                                          'name': 'GaussianSqWave'}}}
Timings: 0.02794504165649414, 1.1743648052215576
0.05995768312289936

------------------------------------------------------------------------------------------------------------------------------------------------

011___new-GD_adam(2)


(base) giuseppe@giuseppe-HP-EliteBook-x360-1030-G2:~/Desktop/KTH/Thesis/flumen-G$ python experiments/interactive_test.py --wandb aguiar-kth-royal-institute-of-technology/g7-fiengo-msc-thesis/flow_model-vdp_test_data-vdp_test-5d4gglun:v35
wandb:   2 of 2 files downloaded.  
{'_runtime': 15459.252407111, '_step': 87, '_timestamp': 1740607366.2069504, '_wandb': {'runtime': 15459}, 'best_epoch': 82, 'best_test': 0.06091362787854104, 'best_train': 0.027139563448530024, 'best_val': 0.13379445110285093, 'epoch': 88, 'lr': 0.001, 'test_loss': 0.06867336162499019, 'time': 15431.84812116623, 'train_loss': 0.042152037035930096, 'val_loss': 0.13636373296853097}
{'args': {'control_dim': 1,
          'control_rnn_depth': 1,
          'control_rnn_size': 8,
          'decoder_depth': 2,
          'decoder_size': 1,
          'encoder_depth': 2,
          'encoder_size': 1,
          'output_dim': 2,
          'state_dim': 2,
          'use_batch_norm': False},
 'data_args': {'data_split': [20, 20],
               'n_samples': 200,
               'n_trajectories': 200,
               'noise_seed': None,
               'noise_std': 0.0,
               'output_name': 'vdp_test_data',
               'settings': 'data_generation/vdp.yaml',
               'time_horizon': 15.0},
 'data_path': '/home/giuseppe/Desktop/KTH/Thesis/flumen-G/data/vdp_test_data.pkl',
 'data_settings': {'control_delta': 0.2,
                   'dynamics': {'args': {'damping': 1.0}, 'name': 'VanDerPol'},
                   'sequence_generator': {'args': {'period': 5},
                                          'name': 'GaussianSqWave'}}}
Timings: 0.1111445426940918, 2.600861072540283
0.10569158619187427

------------------------------------------------------------------------------------------------------------------------------------------------

011___new-GD_adam(3) --- good!


(base) giuseppe@giuseppe-HP-EliteBook-x360-1030-G2:~/Desktop/KTH/Thesis/flumen-G$ python experiments/interactive_test.py --wandb aguiar-kth-royal-institute-of-technology/g7-fiengo-msc-thesis/flow_model-vdp_test_data-vdp_test-5d4gglun:v35
wandb:   2 of 2 files downloaded.  
{'_runtime': 15459.252407111, '_step': 87, '_timestamp': 1740607366.2069504, '_wandb': {'runtime': 15459}, 'best_epoch': 82, 'best_test': 0.06091362787854104, 'best_train': 0.027139563448530024, 'best_val': 0.13379445110285093, 'epoch': 88, 'lr': 0.001, 'test_loss': 0.06867336162499019, 'time': 15431.84812116623, 'train_loss': 0.042152037035930096, 'val_loss': 0.13636373296853097}
{'args': {'control_dim': 1,
          'control_rnn_depth': 1,
          'control_rnn_size': 8,
          'decoder_depth': 2,
          'decoder_size': 1,
          'encoder_depth': 2,
          'encoder_size': 1,
          'output_dim': 2,
          'state_dim': 2,
          'use_batch_norm': False},
 'data_args': {'data_split': [20, 20],
               'n_samples': 200,
               'n_trajectories': 200,
               'noise_seed': None,
               'noise_std': 0.0,
               'output_name': 'vdp_test_data',
               'settings': 'data_generation/vdp.yaml',
               'time_horizon': 15.0},
 'data_path': '/home/giuseppe/Desktop/KTH/Thesis/flumen-G/data/vdp_test_data.pkl',
 'data_settings': {'control_delta': 0.2,
                   'dynamics': {'args': {'damping': 1.0}, 'name': 'VanDerPol'},
                   'sequence_generator': {'args': {'period': 5},
                                          'name': 'GaussianSqWave'}}}
Timings: 0.09772443771362305, 2.6239466667175293
0.014687980598002508

------------------------------------------------------------------------------------------------------------------------------------------------

012___adam1_TU1(not-finished-1)


PS C:\Users\g7fie\OneDrive\Documenti\GitHub\flumen-G> python experiments/interactive_test.py --wandb aguiar-kth-royal-institute-of-technology/g7-fiengo-msc-thesis/flow_model-vdp_test_data-vdp_test-s32d5jnc:v12 
wandb:   2 of 2 files downloaded.  
{'_runtime': 3269.52923, '_step': 15, '_timestamp': 1740744996.1983402, '_wandb': {'runtime': 3269}, 'best_epoch': 15, 'best_test': 0.18193711801653817, 'best_train': 0.09584165993269789, 'best_val': 0.16135082866937395, 'epoch': 16, 'lr': 0.001, 'test_loss': 0.1829186499355331, 'time': 3238.003093957901, 'train_loss': 0.09835212021356536, 'val_loss': 0.17857656876246134}    
{'args': {'control_dim': 1,
          'control_rnn_depth': 1,
          'control_rnn_size': 8,
          'decoder_depth': 2,
          'decoder_size': 1,
          'encoder_depth': 2,
          'encoder_size': 1,
          'output_dim': 2,
          'state_dim': 2,
          'use_batch_norm': False},       
 'data_args': {'data_split': [20, 20],    
               'n_samples': 200,
               'n_trajectories': 200,     
               'noise_seed': None,        
               'noise_std': 0.0,
               'output_name': 'vdp_test_data',
               'settings': 'data_generation/vdp.yaml',
               'time_horizon': 15.0},     
 'data_path': 'C:/Users/g7fie/OneDrive/Documenti/GitHub/flumen-G/data/vdp_test_data.pkl',
 'data_settings': {'control_delta': 0.2,  
                   'dynamics': {'args': {'damping': 1.0}, 'name': 'VanDerPol'},     
                   'sequence_generator': {'args': {'period': 5},
                                          
'name': 'GaussianSqWave'}}}
Timings: 0.02270960807800293, 0.9050028324127197
0.07546994950442505

------------------------------------------------------------------------------------------------------------------------------------------------

012___adam1_TU1(not-finished-2)


PS C:\Users\g7fie\OneDrive\Documenti\GitHub\flumen-G> python.exe .\experiments\interactive_test.py --wandb aguiar-kth-royal-institute-of-technology/g7-fiengo-msc-thesis/flow_model-vdp_test_data-vdp_test-6fvykium:v12
wandb:   2 of 2 files downloaded.  
{'_runtime': 5120.3627911, '_step': 16, '_timestamp': 1740765479.4034514, '_wandb': {'runtime': 5120}, 'best_epoch': 16, 'best_test': 0.21306790222251223, 'best_train': 0.1158336300856222, 'best_val': 0.2004029288414925, 'epoch': 17, 'lr': 0.001, 'test_loss': 0.19591664026180905, 'time': 5066.704047679901, 'train_loss': 0.12535959829098334, 'val_loss': 0.2057367039341775}
{'args': {'control_dim': 1,
          'control_rnn_depth': 1,
          'control_rnn_size': 8,
          'decoder_depth': 2,
          'decoder_size': 1,
          'encoder_depth': 2,
          'encoder_size': 1,
          'output_dim': 2,
          'state_dim': 2,
          'use_batch_norm': False},
 'data_args': {'data_split': [20, 20],
               'n_samples': 200,
               'n_trajectories': 200,
               'noise_seed': None,
               'noise_std': 0.0,
               'output_name': 'vdp_test_data',
               'settings': 'data_generation/vdp.yaml',
               'time_horizon': 15.0},
 'data_path': 'C:/Users/g7fie/OneDrive/Documenti/GitHub/flumen-G/data/vdp_test_data.pkl',
 'data_settings': {'control_delta': 0.2,
                   'dynamics': {'args': {'damping': 1.0}, 'name': 'VanDerPol'},
                   'sequence_generator': {'args': {'period': 5},
                                          'name': 'GaussianSqWave'}}}
Timings: 0.022675275802612305, 1.2278399467468262
0.09023615393061468

------------------------------------------------------------------------------------------------------------------------------------------------

012___adam1_TU1(not-finished-3)


PS C:\Users\g7fie\OneDrive\Documenti\GitHub\flumen-G>
 python.exe .\experiments\interactive_test.py --wandb aguiar-kth-royal-institute-of-technology/g7-fiengo-msc-thesis/flow_model-vdp_test_data-vdp_test-wos2ndzu:v15
wandb:   2 of 2 files downloaded.  
{'_runtime': 2542.8853472, '_step': 14, '_timestamp': 1741000249.1640203, '_wandb': {'runtime': 2542}, 'best_epoch': 15, 'best_test': 0.21098053668226516, 'best_train': 0.13159464504668322, 'best_val': 0.2296669083455252, 'epoch': 15, 'lr': 0.001, 'test_loss': 0.21098053668226516, 'time': 2515.1709954738617, 'train_loss': 0.14984953111757046, 'val_loss': 0.2296669083455252}
{'args': {'control_dim': 1,
          'control_rnn_depth': 1,
          'control_rnn_size': 8,
          'decoder_depth': 2,
          'decoder_size': 1,
          'encoder_depth': 2,
          'encoder_size': 1,
          'output_dim': 2,
          'state_dim': 2,
          'use_batch_norm': False},
 'data_args': {'data_split': [20, 20],
               'n_samples': 200,
               'n_trajectories': 200,
               'noise_seed': None,
               'noise_std': 0.0,
               'output_name': 'vdp_test_data',       
               'settings': '.\\data_generation\\vdp.yaml',
               'time_horizon': 15.0},
 'data_path': 'C:/Users/g7fie/OneDrive/Documenti/GitHub/flumen-G/data/vdp_test_data.pkl',
 'data_settings': {'control_delta': 0.2,
                   'dynamics': {'args': {'damping': 1.0}, 'name': 'VanDerPol'},
                   'sequence_generator': {'args': {'period': 5},
                                          'name': 'GaussianSqWave'}}}
Timings: 0.019641876220703125, 0.6930124759674072
0.05095330292488005

------------------------------------------------------------------------------------------------------------------------------------------------

012___adam1_TU1(not-finished-4)


(base) giuseppe@giuseppe-HP-EliteBook-x360-1030-G2:~/Desktop/KTH/Thesis/flumen-G$ python experiments/interactive_test.py --wandb aguiar-kth-royal-institu
te-of-technology/g7-fiengo-msc-thesis/flow_model-vd
p_test_data-vdp_test-4edphp4o:v13
wandb:   2 of 2 files downloaded.  
{'_runtime': 3243.5403454, '_step': 15, '_timestamp': 1741003738.9093373, '_wandb': {'runtime': 3243}, 'best_epoch': 15, 'best_test': 0.1218434658551973, 'best_train': 0.08432700108519937, 'best_val': 0.1297048150546967, 'epoch': 16, 'lr': 0.001, 'test_loss': 0.1939743110348308, 'time': 3217.72141957283, 'train_loss': 0.09913455803321784, 'val_loss': 0.16365651183185123}
{'args': {'control_dim': 1,
          'control_rnn_depth': 1,
          'control_rnn_size': 8,
          'decoder_depth': 2,
          'decoder_size': 1,
          'encoder_depth': 2,
          'encoder_size': 1,
          'output_dim': 2,
          'state_dim': 2,
          'use_batch_norm': False},
 'data_args': {'data_split': [20, 20],
               'n_samples': 200,
               'n_trajectories': 200,
               'noise_seed': None,
               'noise_std': 0.0,
               'output_name': 'vdp_test_data',
               'settings': '.\\data_generation\\vdp.yaml',
               'time_horizon': 15.0},
 'data_path': 'C:/Users/g7fie/OneDrive/Documenti/GitHub/flumen-G/data/vdp_test_data.pkl',
 'data_settings': {'control_delta': 0.2,
                   'dynamics': {'args': {'damping': 1.0}, 'name': 'VanDerPol'},
                   'sequence_generator': {'args': {'period': 5},
                                          'name': 'GaussianSqWave'}}}
Timings: 0.017004728317260742, 0.5507521629333496
0.034453596469526844

------------------------------------------------------------------------------------------------------------------------------------------------

015___new-x-update(1) --- good! [[[alpha method!]]] ##############################################################################


PS C:\Users\g7fie\OneDrive\Documenti\GitHub\flumen-G> python.exe .\experiments\interactive_test.py --wandb aguiar-kth-royal-institute-of-technology/g7-fiengo-msc-thesis/flow_model-vdp_test_data-vdp_test-2hk04ksl:v27
wandb:   2 of 2 files downloaded.  
{'_runtime': 11637.674524, '_step': 65, '_timestamp': 1741122288.162348, '_wandb': {'runtime': 11637}, 'best_epoch': 56, 'best_test': 0.15566413057228876, 'best_train': 0.03127661450869507, 'best_val': 0.0726061523670242, 'epoch': 66, 'lr': 0.001, 'test_loss': 0.17950638903984947, 'time': 11612.085956335068, 'train_loss': 0.0874257475413658, 'val_loss': 0.16335126840405997}
{'args': {'control_dim': 1,
          'control_rnn_depth': 1,
          'control_rnn_size': 8,
          'decoder_depth': 2,
          'decoder_size': 1,
          'discretisation_mode': 'TU',
          'encoder_depth': 2,
          'encoder_size': 1,
          'output_dim': 2,
          'state_dim': 2,
          'use_batch_norm': False},
 'data_args': {'data_split': [20, 20],
               'n_samples': 200,
               'n_trajectories': 200,
               'noise_seed': None,
               'noise_std': 0.0,
               'output_name': 'vdp_test_data',
               'settings': 'data_generation/vdp.yaml',
               'time_horizon': 15.0},
 'data_path': 'C:/Users/g7fie/OneDrive/Documenti/GitHub/flumen-G/data/vdp_test_data.pkl',
 'data_settings': {'control_delta': 0.2,
                   'dynamics': {'args': {'damping': 1.0}, 'name': 'VanDerPol'},
                   'sequence_generator': {'args': {'period': 5},
                                          'name': 'GaussianSqWave'}}}
Timings: 0.015576362609863281, 0.8708400726318359
0.045240459557915134

------------------------------------------------------------------------------------------------------------------------------------------------

015___new-x-update(2) --- good!


PS C:\Users\g7fie\OneDrive\Documenti\GitHub\flumen-G> python.exe .\experiments\interactive_test.py --wandb aguiar-kth-royal-institute-of-technology/g7-fiengo-msc-thesis/flow_model-vdp_test_data-vdp_test-2hk04ksl:v27
wandb:   2 of 2 files downloaded.  
{'_runtime': 11637.674524, '_step': 65, '_timestamp': 1741122288.162348, '_wandb': {'runtime': 11637}, 'best_epoch': 56, 'best_test': 0.15566413057228876, 'best_train': 0.03127661450869507, 'best_val': 0.0726061523670242, 'epoch': 66, 'lr': 0.001, 'test_loss': 0.17950638903984947, 'time': 11612.085956335068, 'train_loss': 0.0874257475413658, 'val_loss': 0.16335126840405997}
{'args': {'control_dim': 1,
          'control_rnn_depth': 1,
          'control_rnn_size': 8,
          'decoder_depth': 2,
          'decoder_size': 1,
          'discretisation_mode': 'TU',       
          'encoder_depth': 2,
          'encoder_size': 1,
          'output_dim': 2,
          'state_dim': 2,
          'use_batch_norm': False},
 'data_args': {'data_split': [20, 20],       
               'n_samples': 200,
               'n_trajectories': 200,        
               'noise_seed': None,
               'noise_std': 0.0,
               'output_name': 'vdp_test_data',
               'settings': 'data_generation/vdp.yaml',
               'time_horizon': 15.0},        
 'data_path': 'C:/Users/g7fie/OneDrive/Documenti/GitHub/flumen-G/data/vdp_test_data.pkl', 
 'data_settings': {'control_delta': 0.2,     
                   'dynamics': {'args': {'damping': 1.0}, 'name': 'VanDerPol'},
                   'sequence_generator': {'args': {'period': 5},
                                          'name': 'GaussianSqWave'}}}
Timings: 0.017470359802246094, 0.8399257659912109
0.3796243157288373

------------------------------------------------------------------------------------------------------------------------------------------------

015___new-x-update(3) --- good!


PS C:\Users\g7fie\OneDrive\Documenti\GitHub\flumen-G> python.exe .\experiments\interactive_test.py --wandb aguiar-kth-royal-institute-of-technology/g7-fiengo-msc-thesis/flow_model-vdp_test_data-vdp_test-2hk04ksl:v27
wandb:   2 of 2 files downloaded.  
{'_runtime': 11637.674524, '_step': 65, '_timestamp': 1741122288.162348, '_wandb': {'runtime': 11637}, 'best_epoch': 56, 'best_test': 0.15566413057228876, 'best_train': 0.03127661450869507, 'best_val': 0.0726061523670242, 'epoch': 66, 'lr': 0.001, 'test_loss': 0.17950638903984947, 'time': 11612.085956335068, 'train_loss': 0.0874257475413658, 'val_loss': 0.16335126840405997}
{'args': {'control_dim': 1,
          'control_rnn_depth': 1,
          'control_rnn_size': 8,
          'decoder_depth': 2,
          'decoder_size': 1,
          'discretisation_mode': 'TU',       
          'encoder_depth': 2,
          'encoder_size': 1,
          'output_dim': 2,
          'state_dim': 2,
          'use_batch_norm': False},
 'data_args': {'data_split': [20, 20],       
               'n_samples': 200,
               'n_trajectories': 200,        
               'noise_seed': None,
               'noise_std': 0.0,
               'output_name': 'vdp_test_data',
               'settings': 'data_generation/vdp.yaml',
               'time_horizon': 15.0},        
 'data_path': 'C:/Users/g7fie/OneDrive/Documenti/GitHub/flumen-G/data/vdp_test_data.pkl', 
 'data_settings': {'control_delta': 0.2,     
                   'dynamics': {'args': {'damping': 1.0}, 'name': 'VanDerPol'},
                   'sequence_generator': {'args': {'period': 5},
                                          'name': 'GaussianSqWave'}}}
Timings: 0.01400303840637207, 0.9052262306213379
0.021895699861413525

------------------------------------------------------------------------------------------------------------------------------------------------

015___new-x-update(4) --- good!


PS C:\Users\g7fie\OneDrive\Documenti\GitHub\flumen-G> python.exe .\experiments\interactive_test.py --wandb aguiar-kth-royal-institute-of-technology/g7-fiengo-msc-thesis/flow_model-vdp_test_data-vdp_test-2hk04ksl:v27
wandb:   2 of 2 files downloaded.  
{'_runtime': 11637.674524, '_step': 65, '_timestamp': 1741122288.162348, '_wandb': {'runtime': 11637}, 'best_epoch': 56, 'best_test': 0.15566413057228876, 'best_train': 0.03127661450869507, 'best_val': 0.0726061523670242, 'epoch': 66, 'lr': 0.001, 'test_loss': 0.17950638903984947, 'time': 11612.085956335068, 'train_loss': 0.0874257475413658, 'val_loss': 0.16335126840405997}
{'args': {'control_dim': 1,
          'control_rnn_depth': 1,
          'control_rnn_size': 8,
          'decoder_depth': 2,
          'decoder_size': 1,
          'discretisation_mode': 'TU',
          'encoder_depth': 2,
          'encoder_size': 1,
          'output_dim': 2,
          'state_dim': 2,
          'use_batch_norm': False},
 'data_args': {'data_split': [20, 20],
               'n_samples': 200,
               'n_trajectories': 200,
               'noise_seed': None,
               'noise_std': 0.0,
               'output_name': 'vdp_test_data',
               'settings': 'data_generation/vdp.yaml',
               'time_horizon': 15.0},
 'data_path': 'C:/Users/g7fie/OneDrive/Documenti/GitHub/flumen-G/data/vdp_test_data.pkl',
 'data_settings': {'control_delta': 0.2,
                   'dynamics': {'args': {'damping': 1.0}, 'name': 'VanDerPol'},
                   'sequence_generator': {'args': {'period': 5},
                                          'name': 'GaussianSqWave'}}}
Timings: 0.014005661010742188, 0.7143979072570801
0.006045866395202677

------------------------------------------------------------------------------------------------------------------------------------------------

016___x-update-alpha


PS C:\Users\g7fie\OneDrive\Documenti\GitHub\flumen-G> python.exe .\experiments\interactive_test.py --wandb aguiar-kth-royal-institute-of-technology/g7-fiengo-msc-thesis/flow_model-vdp_test_data-vdp_test-5pobh111:v38
wandb:   2 of 2 files downloaded.  
{'_runtime': 26602.2111636, '_step': 108, '_timestamp': 1741157380.6444006, '_wandb': {'runtime': 26602}, 'best_epoch': 89, 'best_test': 0.05378690220060803, 'best_train': 0.020549435986491737, 'best_val': 0.052191075676726914, 'epoch': 109, 'lr': 0.000125, 'test_loss': 0.04970564223116353, 'time': 26571.87525510788, 'train_loss': 0.01790892477171919, 'val_loss': 0.055643573344226864}
{'args': {'control_dim': 1,
          'control_rnn_depth': 1,
          'control_rnn_size': 8,
          'decoder_depth': 2,
          'decoder_size': 1,
          'discretisation_mode': 'TU',
          'encoder_depth': 2,
          'encoder_size': 1,
          'output_dim': 2,
          'state_dim': 2,
          'use_batch_norm': False,
          'x_update_mode': 'alpha'},
 'data_args': {'data_split': [20, 20],
               'n_samples': 200,
               'n_trajectories': 200,
               'noise_seed': None,
               'noise_std': 0.0,
               'output_name': 'vdp_test_data',
               'settings': 'data_generation/vdp.yaml',
               'time_horizon': 15.0},
 'data_path': 'C:/Users/g7fie/OneDrive/Documenti/GitHub/flumen-G/data/vdp_test_data.pkl',
 'data_settings': {'control_delta': 0.2,
                   'dynamics': {'args': {'damping': 1.0}, 'name': 'VanDerPol'},
                   'sequence_generator': {'args': {'period': 5},
                                          'name': 'GaussianSqWave'}}}
Timings: 0.03355908393859863, 0.9405856132507324
0.07114250856193383

------------------------------------------------------------------------------------------------------------------------------------------------

017___default-code-same-dim(-)


PS C:\Users\g7fie\OneDrive\Documenti\GitHub\flumen-G> python.exe .\experiments\interactive_test.py --wandb aguiar-kth-royal-institute-of-technology/g7-fiengo-msc-thesis/flow_model-vdp_test_data-vdp_test-y3ildaeh:v32
wandb:   2 of 2 files downloaded.  
{'_runtime': 7546.45702, '_step': 117, '_timestamp': 1741182593.7156532, '_wandb': {'runtime': 7546}, 'best_epoch': 98, 'best_test': 0.03409814938075013, 'best_train': 0.018149984931504284, 'best_val': 0.028380416333675385, 'epoch': 118, 'lr': 0.000125, 'test_loss': 0.03472252781428988, 'time': 7528.629385232925, 'train_loss': 0.015891212812334143, 'val_loss': 0.03212327557423758}
{'args': {'control_dim': 1,
          'control_rnn_depth': 1,
          'control_rnn_size': 10,
          'decoder_depth': 2,
          'decoder_size': 1,
          'discretisation_mode': 'TU',
          'encoder_depth': 2,
          'encoder_size': 1,
          'output_dim': 2,
          'state_dim': 2,
          'use_batch_norm': False,
          'x_update_mode': 'alpha'},
 'data_args': {'data_split': [20, 20],
               'n_samples': 200,
               'n_trajectories': 200,
               'noise_seed': None,
               'noise_std': 0.0,
               'output_name': 'vdp_test_data',
               'settings': 'data_generation/vdp.yaml',
               'time_horizon': 15.0},
 'data_path': 'C:/Users/g7fie/OneDrive/Documenti/GitHub/flumen-G/data/vdp_test_data.pkl',
 'data_settings': {'control_delta': 0.2,
                   'dynamics': {'args': {'damping': 1.0}, 'name': 'VanDerPol'},
                   'sequence_generator': {'args': {'period': 5},
                                          'name': 'GaussianSqWave'}}}
Timings: 0.05660724639892578, 0.6609585285186768
0.015405341904268307

------------------------------------------------------------------------------------------------------------------------------------------------

018___x-update-alpha(1)


PS C:\Users\g7fie\OneDrive\Documenti\GitHub\flumen-G> python.exe .\experiments\interactive_test.py --wandb aguiar-kth-royal-institute-of-technology/g7-fiengo-msc-thesis/flow_model-vdp_test_data-vdp_test-zapsjywq:v36
wandb:   2 of 2 files downloaded.  
{'_runtime': 12845.8606273, '_step': 84, '_timestamp': 1741201116.3583372, '_wandb': {'runtime': 12845}, 'best_epoch': 80, 'best_test': 0.09021028982741491, 'best_train': 0.020383733487318433, 'best_val': 0.055468578689864705, 'epoch': 85, 'lr': 0.001, 'test_loss': 0.11940238163584754, 'time': 12816.142216682434, 'train_loss': 0.02383146670563196, 'val_loss': 0.0593999158591032}
{'args': {'control_dim': 1,
          'control_rnn_depth': 1,
          'control_rnn_size': 8,
          'decoder_depth': 2,
          'decoder_size': 1,
          'discretisation_mode': 'TU',
          'encoder_depth': 2,
          'encoder_size': 1,
          'output_dim': 2,
          'state_dim': 2,
          'use_batch_norm': False,
          'x_update_mode': 'alpha'},
 'data_args': {'data_split': [20, 20],
               'n_samples': 200,
               'n_trajectories': 200,
               'noise_seed': None,
               'noise_std': 0.0,
               'output_name': 'vdp_test_data',    
               'settings': 'data_generation/vdp.yaml',
               'time_horizon': 15.0},
 'data_path': 'C:/Users/g7fie/OneDrive/Documenti/GitHub/flumen-G/data/vdp_test_data.pkl',
 'data_settings': {'control_delta': 0.2,
                   'dynamics': {'args': {'damping': 1.0}, 'name': 'VanDerPol'},
                   'sequence_generator': {'args': {'period': 5},
                                          'name': 'GaussianSqWave'}}}
Timings: 0.03741788864135742, 1.0340776443481445
0.03622724162713308

------------------------------------------------------------------------------------------------------------------------------------------------

018___x-update-alpha(2-3)


PS C:\Users\g7fie\OneDrive\Documenti\GitHub\flumen-G> python.exe .\experiments\interactive_test.py --wandb aguiar-kth-royal-institute-of-technology/g7-fiengo-msc-thesis/flow_model-vdp_test_data-vdp_test-zapsjywq:v47
wandb:   2 of 2 files downloaded.  
{'_runtime': 29190.6178727, '_step': 156, '_timestamp': 1741217461.1155827, '_wandb': {'runtime': 29190}, 'best_epoch': 137, 'best_test': 0.08476408736573325, 'best_train': 0.01709923068327563, 'best_val': 0.04871034687237134, 'epoch': 157, 'lr': 0.000125, 'test_loss': 0.08193321597008478, 'time': 29160.899462223053, 'train_loss': 0.01672123080838925, 'val_loss': 0.04979510998560323}
{'args': {'control_dim': 1,
          'control_rnn_depth': 1,
          'control_rnn_size': 8,
          'decoder_depth': 2,
          'decoder_size': 1,
          'discretisation_mode': 'TU',
          'encoder_depth': 2,
          'encoder_size': 1,
          'output_dim': 2,
          'state_dim': 2,
          'use_batch_norm': False,
          'x_update_mode': 'alpha'},
 'data_args': {'data_split': [20, 20],
               'n_samples': 200,
               'n_trajectories': 200,
               'noise_seed': None,
               'noise_std': 0.0,
               'output_name': 'vdp_test_data',      
               'settings': 'data_generation/vdp.yaml',
               'time_horizon': 15.0},
 'data_path': 'C:/Users/g7fie/OneDrive/Documenti/GitHub/flumen-G/data/vdp_test_data.pkl',
 'data_settings': {'control_delta': 0.2,
                   'dynamics': {'args': {'damping': 1.0}, 'name': 'VanDerPol'},
                   'sequence_generator': {'args': {'period': 5},
                                          'name': 'GaussianSqWave'}}}
Timings: 0.021557092666625977, 1.1134896278381348
0.018638762641096752

------------------------------------------------------------------------------------------------------------------------------------------------

019___x-update-alpha


PS C:\Users\g7fie\OneDrive\Documenti\GitHub\flumen-G> python.exe .\experiments\interactive_test.py --wandb aguiar-kth-royal-institute-of-technology/g7-fiengo-msc-thesis/flow_model-vdp_test_data-vdp_test-92bziiik:v32
wandb:   2 of 2 files downloaded.  
{'_runtime': 23343.4636111, '_step': 142, '_timestamp': 1741280362.9845507, '_wandb': {'runtime': 23343}, 'best_epoch': 123, 'best_test': 0.0533087533558645, 'best_train': 0.02122072688249684, 'best_val': 0.25057389338811237, 'epoch': 143, 'lr': 6.25e-05, 'test_loss': 0.05645283382563364, 'time': 23315.39107489586, 'train_loss': 0.01923207267034779, 'val_loss': 0.25213538606961566}
{'args': {'control_dim': 1,
          'control_rnn_depth': 1,
          'control_rnn_size': 8,
          'decoder_depth': 2,
          'decoder_size': 1,
          'discretisation_mode': 'TU',
          'encoder_depth': 2,
          'encoder_size': 1,
          'output_dim': 2,
          'state_dim': 2,
          'use_batch_norm': False,
          'x_update_mode': 'alpha'},
 'data_args': {'data_split': [20, 20],
               'n_samples': 200,
               'n_trajectories': 200,
               'noise_seed': None,
               'noise_std': 0.0,
               'output_name': 'vdp_test_data',    
               'settings': 'data_generation/vdp.yaml',
               'time_horizon': 15.0},
 'data_path': 'C:/Users/g7fie/OneDrive/Documenti/GitHub/flumen-G/data/vdp_test_data.pkl',
 'data_settings': {'control_delta': 0.2,
                   'dynamics': {'args': {'damping': 1.0}, 'name': 'VanDerPol'},
                   'sequence_generator': {'args': {'period': 5},
                                          'name': 'GaussianSqWave'}}}
Timings: 0.038344383239746094, 1.1203851699829102
0.02734859313852661

------------------------------------------------------------------------------------------------------------------------------------------------

020___x-update-alpha(-)


PS C:\Users\g7fie\OneDrive\Documenti\GitHub\flumen-G> python.exe .\experiments\interactive_test.py --wandb aguiar-kth-royal-institute-of-technology/g7-fiengo-msc-thesis/flow_model-vdp_test_data-vdp_test-9fx7vxtk:v26
wandb:   2 of 2 files downloaded.  
{'_runtime': 19282.2622103, '_step': 109, '_timestamp': 1741293582.378608, '_wandb': {'runtime': 19282}, 'best_epoch': 90, 'best_test': 0.1449957171839381, 'best_train': 0.02281889265708665, 'best_val': 0.03265471753501703, 'epoch': 110, 'lr': 0.000125, 'test_loss': 0.14242024950328327, 'time': 19247.294664382935, 'train_loss': 0.019359053211119123, 'val_loss': 0.03382213047099492}
{'args': {'control_dim': 1,
          'control_rnn_depth': 1,
          'control_rnn_size': 8,
          'decoder_depth': 2,
          'decoder_size': 1,
          'discretisation_mode': 'TU',
          'encoder_depth': 2,
          'encoder_size': 1,
          'output_dim': 2,
          'state_dim': 2,
          'use_batch_norm': False,
          'x_update_mode': 'alpha'},
 'data_args': {'data_split': [20, 20],
               'n_samples': 200,
               'n_trajectories': 200,
               'noise_seed': None,
               'noise_std': 0.0,
               'output_name': 'vdp_test_data',
               'settings': 'data_generation/vdp.yaml',
               'time_horizon': 15.0},
 'data_path': 'C:/Users/g7fie/OneDrive/Documenti/GitHub/flumen-G/data/vdp_test_data.pkl',
 'data_settings': {'control_delta': 0.2,
                   'dynamics': {'args': {'damping': 1.0}, 'name': 'VanDerPol'},
                   'sequence_generator': {'args': {'period': 5},
                                          'name': 'GaussianSqWave'}}}
Timings: 0.017781972885131836, 0.9927716255187988
0.011030950310225366

------------------------------------------------------------------------------------------------------------------------------------------------

021___x-update-alpha(-)


PS C:\Users\g7fie\OneDrive\Documenti\GitHub\flumen-G> python.exe .\experiments\interactive_test.py --wandb aguiar-kth-royal-institute-of-technology/g7-fiengo-msc-thesis/flow_model-vdp_test_data-vdp_test-o0pmfxkm:v33
wandb:   2 of 2 files downloaded.  
{'_runtime': 24220.1446849, '_step': 145, '_timestamp': 1741321179.491952, '_wandb': {'runtime': 24220}, 'best_epoch': 126, 'best_test': 0.06649408028239295, 'best_train': 0.018753742099439027, 'best_val': 0.11177096456762343, 'epoch': 146, 'lr': 3.125e-05, 'test_loss': 0.06538293534328067, 'time': 24190.640423059464, 'train_loss': 0.017817277136066602, 'val_loss': 0.1155335587405023}
{'args': {'control_dim': 1,
          'control_rnn_depth': 1,
          'control_rnn_size': 8,
          'decoder_depth': 2,
          'decoder_size': 1,
          'discretisation_mode': 'TU',
          'encoder_depth': 2,
          'encoder_size': 1,
          'output_dim': 2,
          'state_dim': 2,
          'use_batch_norm': False,
          'x_update_mode': 'alpha'},
 'data_args': {'data_split': [20, 20],
               'n_samples': 200,
               'n_trajectories': 200,
               'noise_seed': None,
               'noise_std': 0.0,
               'output_name': 'vdp_test_data',      
               'settings': 'data_generation/vdp.yaml',
               'time_horizon': 15.0},
 'data_path': 'C:/Users/g7fie/OneDrive/Documenti/GitHub/flumen-G/data/vdp_test_data.pkl',
 'data_settings': {'control_delta': 0.2,
                   'dynamics': {'args': {'damping': 1.0}, 'name': 'VanDerPol'},
                   'sequence_generator': {'args': {'period': 5},
                                          'name': 'GaussianSqWave'}}}
Timings: 0.022572994232177734, 0.9592864513397217
0.03159973495624505

------------------------------------------------------------------------------------------------------------------------------------------------

022___x-update-alpha(-) / LSTM_09___computation_time.py (before LSTM_08.py)


PS C:\Users\g7fie\OneDrive\Documenti\GitHub\flumen-G> python.exe .\experiments\interactive_test.py --wandb aguiar-kth-royal-institute-of-technology/g7-fiengo-msc-thesis/flow_model-vdp_test_data-vdp_test-tpivo2hf:v30
wandb:   2 of 2 files downloaded.  
{'_runtime': 15588.0104955, '_step': 79, '_timestamp': 1741373321.7143245, '_wandb': {'runtime': 15588}, 'best_epoch': 60, 'best_test': 0.19954035431146624, 'best_train': 0.033677110980663984, 'best_val': 0.1268843865347287, 'epoch': 80, 'lr': 0.0005, 'test_loss': 0.17315763891452834, 'time': 15557.825784683228, 'train_loss': 0.02871229724771289, 'val_loss': 0.13715681126193394}   
{'args': {'control_dim': 1,
          'control_rnn_depth': 1,
          'control_rnn_size': 8,
          'decoder_depth': 2,
          'decoder_size': 1,
          'discretisation_mode': 'TU',
          'encoder_depth': 2,
          'encoder_size': 1,
          'output_dim': 2,
          'state_dim': 2,
          'use_batch_norm': False,
          'x_update_mode': 'alpha'},
 'data_args': {'data_split': [20, 20],
               'n_samples': 200,
               'n_trajectories': 200,
               'noise_seed': None,
               'noise_std': 0.0,
               'output_name': 'vdp_test_data',
               'settings': 'data_generation/vdp.yaml',
               'time_horizon': 15.0},
 'data_path': 'C:/Users/g7fie/OneDrive/Documenti/GitHub/flumen-G/data/vdp_test_data.pkl',
 'data_settings': {'control_delta': 0.2,
                   'dynamics': {'args': {'damping': 1.0}, 'name': 'VanDerPol'},
                   'sequence_generator': {'args': {'period': 5},
                                          'name': 'GaussianSqWave'}}}
Timings: 0.05190873146057129, 1.259140968322754
0.12300581937055413

------------------------------------------------------------------------------------------------------------------------------------------------

023___x-update-alpha(-) / LSTM_09___computation_time.py


PS C:\Users\g7fie\OneDrive\Documenti\GitHub\flumen-G> python.exe .\experiments\interactive_test.py --wandb aguiar-kth-royal-institute-of-technology/g7-fiengo-msc-thesis/flow_model-vdp_test_data-vdp_test-34s4g87a:v25
wandb:   2 of 2 files downloaded.  
{'_runtime': 19091.3150562, '_step': 90, '_timestamp': 1741383918.291978, '_wandb': {'runtime': 19091}, 'best_epoch': 71, 'best_test': 0.17176606902290906, 'best_train': 0.03029533599813779, 'best_val': 0.0722720061857549, 'epoch': 91, 'lr': 0.00025, 'test_loss': 0.15187193074869731, 'time': 19058.01224398613, 'train_loss': 0.021802850865892003, 'val_loss': 0.08129255662834833}
{'args': {'control_dim': 1,
          'control_rnn_depth': 1,
          'control_rnn_size': 8,
          'decoder_depth': 2,
          'decoder_size': 1,
          'discretisation_mode': 'TU',
          'encoder_depth': 2,
          'encoder_size': 1,
          'output_dim': 2,
          'state_dim': 2,
          'use_batch_norm': False,
          'x_update_mode': 'alpha'},
 'data_args': {'data_split': [20, 20],
               'n_samples': 200,
               'n_trajectories': 200,
               'noise_seed': None,
               'noise_std': 0.0,
               'output_name': 'vdp_test_data',
               'settings': 'data_generation/vdp.yaml',
               'time_horizon': 15.0},
 'data_path': 'C:/Users/g7fie/OneDrive/Documenti/GitHub/flumen-G/data/vdp_test_data.pkl',
 'data_settings': {'control_delta': 0.2,
                   'dynamics': {'args': {'damping': 1.0}, 'name': 'VanDerPol'},
                   'sequence_generator': {'args': {'period': 5},
                                          'name': 'GaussianSqWave'}}}
Timings: 0.016023635864257812, 1.0551412105560303
0.032671457621051544

------------------------------------------------------------------------------------------------------------------------------------------------

024___x-update-alpha(-) / LSTM_09___computation_time.py


PS C:\Users\g7fie\OneDrive\Documenti\GitHub\flumen-G> python.exe .\experiments\interactive_test.py --wandb aguiar-kth-royal-institute-of-technology/g7-fiengo-msc-thesis/flow_model-vdp_test_data-vdp_test-t8zpyqbz:v25
wandb:   2 of 2 files downloaded.  
{'_runtime': 16780.6603587, '_step': 74, '_timestamp': 1741391706.1888623, '_wandb': {'runtime': 16780}, 'best_epoch': 55, 'best_test': 0.29205070069384953, 'best_train': 0.030286846978087274, 'best_val': 0.058476886756363367, 'epoch': 75, 'lr': 0.00025, 'test_loss': 0.20884731518370764, 'time': 16748.41609811783, 'train_loss': 0.024770572751997007, 'val_loss': 0.06078948893599094}
{'args': {'control_dim': 1,
          'control_rnn_depth': 1,
          'control_rnn_size': 8,
          'decoder_depth': 2,
          'decoder_size': 1,
          'discretisation_mode': 'TU',
          'encoder_depth': 2,
          'encoder_size': 1,
          'output_dim': 2,
          'state_dim': 2,
          'use_batch_norm': False,
          'x_update_mode': 'alpha'},
 'data_args': {'data_split': [20, 20],
               'n_samples': 200,
               'n_trajectories': 200,
               'noise_seed': None,
               'noise_std': 0.0,
               'output_name': 'vdp_test_data',
               'settings': 'data_generation/vdp.yaml',
               'time_horizon': 15.0},
 'data_path': 'C:/Users/g7fie/OneDrive/Documenti/GitHub/flumen-G/data/vdp_test_data.pkl',
 'data_settings': {'control_delta': 0.2,
                   'dynamics': {'args': {'damping': 1.0}, 'name': 'VanDerPol'},
                   'sequence_generator': {'args': {'period': 5},
                                          'name': 'GaussianSqWave'}}}
Timings: 0.01653742790222168, 0.8211798667907715
0.007859601873103026

------------------------------------------------------------------------------------------------------------------------------------------------

025___x-update-alpha(-) / LSTM_09___computation_time.py


PS C:\Users\g7fie\OneDrive\Documenti\GitHub\flumen-G> python.exe .\experiments\interactive_test.py --wandb aguiar-kth-royal-institute-of-technology/g7-fiengo-msc-thesis/flow_model-vdp_test_data-vdp_test-5xgv91mo:v19
wandb:   2 of 2 files downloaded.  
{'_runtime': 6466.9516759, '_step': 47, '_timestamp': 1741404462.7291248, '_wandb': {'runtime': 6466}, 'best_epoch': 28, 'best_test': 0.2853936068122349, 'best_train': 0.11861003164655318, 'best_val': 0.1437250425418218, 'epoch': 48, 'lr': 0.0005, 'test_loss': 0.3043967697118956, 'time': 6438.592477083206, 'train_loss': 0.05953135157112407, 'val_loss': 0.1697242379425064}
{'args': {'control_dim': 1,
          'control_rnn_depth': 1,
          'control_rnn_size': 8,
          'decoder_depth': 2,
          'decoder_size': 1,
          'discretisation_mode': 'TU',
          'encoder_depth': 2,
          'encoder_size': 1,
          'output_dim': 2,
          'state_dim': 2,
          'use_batch_norm': False,
          'x_update_mode': 'alpha'},
 'data_args': {'data_split': [20, 20],
               'n_samples': 200,
               'n_trajectories': 200,
               'noise_seed': None,
               'noise_std': 0.0,
               'output_name': 'vdp_test_data',
               'settings': 'data_generation/vdp.yaml',
               'time_horizon': 15.0},
 'data_path': 'C:/Users/g7fie/OneDrive/Documenti/GitHub/flumen-G/data/vdp_test_data.pkl',
 'data_settings': {'control_delta': 0.2,
                   'dynamics': {'args': {'damping': 1.0}, 'name': 'VanDerPol'},
                   'sequence_generator': {'args': {'period': 5},
                                          'name': 'GaussianSqWave'}}}
Timings: 0.014460086822509766, 0.8789308071136475
0.039192156345330645

------------------------------------------------------------------------------------------------------------------------------------------------

026___default-code-same-dim


PS C:\Users\g7fie\OneDrive\Documenti\GitHub\flumen-G> python.exe .\experiments\interactive_test.py --wandb aguiar-kth-royal-institute-of-technology/g7-fiengo-msc-thesis/flow_model-vdp_test_data-vdp_test-790qo5ei:v30
wandb:   2 of 2 files downloaded.  
{'_runtime': 7346.7665658, '_step': 106, '_timestamp': 1741430459.320042, '_wandb': {'runtime': 7346}, 'best_epoch': 87, 'best_test': 0.025843684265892657, 'best_train': 0.014283652101993245, 'best_val': 0.02398856176388642, 'epoch': 107, 'lr': 0.000125, 'test_loss': 0.026321270325708957, 'time': 7328.914924144745, 'train_loss': 0.014671892942811446, 'val_loss': 0.026048427477242456}
{'args': {'control_dim': 1,
          'control_rnn_depth': 1,
          'control_rnn_size': 10,
          'decoder_depth': 2,
          'decoder_size': 1,
          'discretisation_mode': 'TU',
          'encoder_depth': 2,
          'encoder_size': 1,
          'output_dim': 2,
          'state_dim': 2,
          'use_batch_norm': False,
          'x_update_mode': 'alpha'},
 'data_args': {'data_split': [20, 20],
               'n_samples': 200,
               'n_trajectories': 200,
               'noise_seed': None,
               'noise_std': 0.0,
               'output_name': 'vdp_test_data',
               'settings': 'data_generation/vdp.yaml',
               'time_horizon': 15.0},
 'data_path': 'C:/Users/g7fie/OneDrive/Documenti/GitHub/flumen-G/data/vdp_test_data.pkl',
 'data_settings': {'control_delta': 0.2,
                   'dynamics': {'args': {'damping': 1.0}, 'name': 'VanDerPol'},
                   'sequence_generator': {'args': {'period': 5},
                                          'name': 'GaussianSqWave'}}}
Timings: 0.021023273468017578, 0.7497069835662842
0.006930881918937675

------------------------------------------------------------------------------------------------------------------------------------------------

027___default-code-same-dim


PS C:\Users\g7fie\OneDrive\Documenti\GitHub\flumen-G> python.exe .\experiments\interactive_test.py --wandb aguiar-kth-royal-institute-of-technology/g7-fiengo-msc-thesis/flow_model-vdp_test_data-vdp_test-r95ng4js:v37
wandb:   2 of 2 files downloaded.  
{'_runtime': 8290.5964382, '_step': 126, '_timestamp': 1741431693.8628545, '_wandb': {'runtime': 8290}, 'best_epoch': 107, 'best_test': 0.027500419862686643, 'best_train': 0.01666778990772193, 'best_val': 0.05470035585855681, 'epoch': 127, 'lr': 0.00025, 'test_loss': 0.027228796898963903, 'time': 8272.850373268127, 'train_loss': 0.014251226118258223, 'val_loss': 0.06482056906772038}
{'args': {'control_dim': 1,
          'control_rnn_depth': 1,
          'control_rnn_size': 10,
          'decoder_depth': 2,
          'decoder_size': 1,
          'discretisation_mode': 'TU',
          'encoder_depth': 2,
          'encoder_size': 1,
          'output_dim': 2,
          'state_dim': 2,
          'use_batch_norm': False,
          'x_update_mode': 'alpha'},
 'data_args': {'data_split': [20, 20],
               'n_samples': 200,
               'n_trajectories': 200,
               'noise_seed': None,
               'noise_std': 0.0,
               'output_name': 'vdp_test_data',
               'settings': 'data_generation/vdp.yaml',
               'time_horizon': 15.0},
 'data_path': 'C:/Users/g7fie/OneDrive/Documenti/GitHub/flumen-G/data/vdp_test_data.pkl',
 'data_settings': {'control_delta': 0.2,
                   'dynamics': {'args': {'damping': 1.0}, 'name': 'VanDerPol'},
                   'sequence_generator': {'args': {'period': 5},
                                          'name': 'GaussianSqWave'}}}
Timings: 0.01771712303161621, 0.657949686050415
0.015697583954045347

------------------------------------------------------------------------------------------------------------------------------------------------

028___x-update-beta(not finished)


PS C:\Users\g7fie\OneDrive\Documenti\GitHub\flumen-G> python.exe .\experiments\interactive_test.py --wandb aguiar-kth-royal-institute-of-technology/g7-fiengo-msc-thesis/flow_model-vdp_test_data-vdp_test-oxgco2m7:v18
wandb:   2 of 2 files downloaded.  
{'_runtime': 8943.1548878, '_step': 56, '_timestamp': 1741480930.8972335, '_wandb': {'runtime': 9085}, 'best_epoch': 57, 'best_test': 0.09263929032853672, 'best_train': 0.03767314413316035, 'best_val': 0.16285020195775562, 'epoch': 57, 'lr': 0.0005, 'test_loss': 0.09263929032853672, 'time': 8914.816588163376, 'train_loss': 0.03767314413316035, 'val_loss': 0.16285020195775562}
{'args': {'control_dim': 1,
          'control_rnn_depth': 1,
          'control_rnn_size': 8,
          'decoder_depth': 2,
          'decoder_size': 1,
          'discretisation_mode': 'TU',
          'encoder_depth': 2,
          'encoder_size': 1,
          'output_dim': 2,
          'state_dim': 2,
          'use_batch_norm': False,
          'x_update_mode': 'beta'},
 'data_args': {'data_split': [20, 20],
               'n_samples': 200,
               'n_trajectories': 200,
               'noise_seed': None,
               'noise_std': 0.0,
               'output_name': 'vdp_test_data',
               'settings': 'data_generation/vdp.yaml',
               'time_horizon': 15.0},
 'data_path': 'C:/Users/g7fie/OneDrive/Documenti/GitHub/flumen-G/data/vdp_test_data.pkl',   
 'data_settings': {'control_delta': 0.2,      
                   'dynamics': {'args': {'damping': 1.0}, 'name': 'VanDerPol'},
                   'sequence_generator': {'args': {'period': 5},
                                          'name': 'GaussianSqWave'}}}
Timings: 0.031121015548706055, 1.1794500350952148
0.008528622014361489

------------------------------------------------------------------------------------------------------------------------------------------------

029___x-update-beta


PS C:\Users\g7fie\OneDrive\Documenti\GitHub\flumen-G> python.exe .\experiments\interactive_test.py --wandb aguiar-kth-royal-institute-of-technology/g7-fiengo-msc-thesis/flow_model-vdp_test_data-vdp_test-pzceh6ke:v28
wandb:   2 of 2 files downloaded.  
{'_runtime': 14979.936391781, '_step': 124, '_timestamp': 1741489422.5467255, '_wandb': {'runtime': 14979}, 'best_epoch': 105, 'best_test': 0.1153069618379786, 'best_train': 0.01781458006531158, 'best_val': 0.0347165379318453, 'epoch': 125, 'lr': 0.000125, 'test_loss': 0.11321590101671596, 'time': 14932.54727458954, 'train_loss': 0.017040841759394403, 'val_loss': 0.03776116819963569}
{'args': {'control_dim': 1,
          'control_rnn_depth': 1,
          'control_rnn_size': 8,
          'decoder_depth': 2,
          'decoder_size': 1,
          'discretisation_mode': 'TU',
          'encoder_depth': 2,
          'encoder_size': 1,
          'output_dim': 2,
          'state_dim': 2,
          'use_batch_norm': False,
          'x_update_mode': 'beta'},
 'data_args': {'data_split': [20, 20],
               'n_samples': 200,
               'n_trajectories': 200,
               'noise_seed': None,
               'noise_std': 0.0,
               'output_name': 'vdp_test_data',
               'settings': 'data_generation/vdp.yaml',
               'time_horizon': 15.0},
 'data_path': '/home/giuseppe/Desktop/KTH/Thesis/flumen-G/data/vdp_test_data.pkl',
 'data_settings': {'control_delta': 0.2,
                   'dynamics': {'args': {'damping': 1.0}, 'name': 'VanDerPol'},
                   'sequence_generator': {'args': {'period': 5},
                                          'name': 'GaussianSqWave'}}}
Timings: 0.013536691665649414, 0.7889626026153564
0.012872173349280619

------------------------------------------------------------------------------------------------------------------------------------------------

030___x-update-beta


PS C:\Users\g7fie\OneDrive\Documenti\GitHub\flumen-G> python.exe .\experiments\interactive_test.py --wandb aguiar-kth-royal-institute-of-technology/g7-fiengo-msc-thesis/flow_model-vdp_test_data-vdp_test-pnjpya2f:v18
wandb:   2 of 2 files downloaded.  
{'_runtime': 9795.948917055, '_step': 77, '_timestamp': 1741501099.559984, '_wandb': {'runtime': 9795}, 'best_epoch': 58, 'best_test': 0.12283636759670954, 'best_train': 0.025061399976491296, 'best_val': 0.06987644891653742, 'epoch': 78, 'lr': 0.0005, 'test_loss': 0.11164449415509664, 'time': 9755.34075474739, 'train_loss': 0.027246853849165652, 'val_loss': 0.08021583975780577}
{'args': {'control_dim': 1,
          'control_rnn_depth': 1,
          'control_rnn_size': 8,
          'decoder_depth': 2,
          'decoder_size': 1,
          'discretisation_mode': 'TU',
          'encoder_depth': 2,
          'encoder_size': 1,
          'output_dim': 2,
          'state_dim': 2,
          'use_batch_norm': False,
          'x_update_mode': 'beta'},
 'data_args': {'data_split': [20, 20],
               'n_samples': 200,
               'n_trajectories': 200,
               'noise_seed': None,
               'noise_std': 0.0,
               'output_name': 'vdp_test_data',
               'settings': 'data_generation/vdp.yaml',
               'time_horizon': 15.0},
 'data_path': '/home/giuseppe/Desktop/KTH/Thesis/flumen-G/data/vdp_test_data.pkl',
 'data_settings': {'control_delta': 0.2,
                   'dynamics': {'args': {'damping': 1.0}, 'name': 'VanDerPol'},
                   'sequence_generator': {'args': {'period': 5},
                                          'name': 'GaussianSqWave'}}}
Timings: 0.021015405654907227, 1.0464584827423096
0.009595297445859288

------------------------------------------------------------------------------------------------------------------------------------------------

031___x-update-beta


PS C:\Users\g7fie\OneDrive\Documenti\GitHub\flumen-G> python.exe .\experiments\interactive_test.py --wandb aguiar-kth-royal-institute-of-technology/g7-fiengo-msc-thesis/flow_model-vdp_test_data-vdp_test-dcxjshnx:v27
wandb:   2 of 2 files downloaded.  
{'_runtime': 14129.219967, '_step': 85, '_timestamp': 1741515333.7657564, '_wandb': {'runtime': 14129}, 'best_epoch': 66, 'best_test': 0.06133903092926457, 'best_train': 0.0189332693283047, 'best_val': 0.11545243593198912, 'epoch': 86, 'lr': 0.000125, 'test_loss': 0.053553428796548695, 'time': 14094.317236423492, 'train_loss': 0.01907580905155372, 'val_loss': 0.11624801980834158}
{'args': {'control_dim': 1,
          'control_rnn_depth': 1,
          'control_rnn_size': 8,
          'decoder_depth': 2,
          'decoder_size': 1,
          'discretisation_mode': 'TU',
          'encoder_depth': 2,
          'encoder_size': 1,
          'output_dim': 2,
          'state_dim': 2,
          'use_batch_norm': False,
          'x_update_mode': 'beta'},
 'data_args': {'data_split': [20, 20],
               'n_samples': 200,
               'n_trajectories': 200,
               'noise_seed': None,
               'noise_std': 0.0,
               'output_name': 'vdp_test_data',
               'settings': 'data_generation/vdp.yaml',
               'time_horizon': 15.0},
 'data_path': 'C:/Users/g7fie/OneDrive/Documenti/GitHub/flumen-G/data/vdp_test_data.pkl',
 'data_settings': {'control_delta': 0.2,
                   'dynamics': {'args': {'damping': 1.0}, 'name': 'VanDerPol'},
                   'sequence_generator': {'args': {'period': 5},
                                          'name': 'GaussianSqWave'}}}
Timings: 0.015115976333618164, 0.9060380458831787
0.017725409029210774

------------------------------------------------------------------------------------------------------------------------------------------------

032___x-update-beta


PS C:\Users\g7fie\OneDrive\Documenti\GitHub\flumen-G> python.exe .\experiments\interactive_test.py --wandb aguiar-kth-royal-institute-of-technology/g7-fiengo-msc-thesis/flow_model-vdp_test_data-vdp_test-qvvlco4b:v13
wandb:   2 of 2 files downloaded.  
{'_runtime': 8547.257474084, '_step': 71, '_timestamp': 1741519391.8302178, '_wandb': {'runtime': 8547}, 'best_epoch': 52, 'best_test': 0.11412586821686654, 'best_train': 0.03626639311196943, 'best_val': 0.07681829204398488, 'epoch': 72, 'lr': 0.00025, 'test_loss': 0.16247747891715594, 'time': 8527.486145973206, 'train_loss': 0.0253108320807023, 'val_loss': 0.10421322646831709}
{'args': {'control_dim': 1,
          'control_rnn_depth': 1,
          'control_rnn_size': 8,
          'decoder_depth': 2,
          'decoder_size': 1,
          'discretisation_mode': 'TU',
          'encoder_depth': 2,
          'encoder_size': 1,
          'output_dim': 2,
          'state_dim': 2,
          'use_batch_norm': False,
          'x_update_mode': 'beta'},
 'data_args': {'data_split': [20, 20],
               'n_samples': 200,
               'n_trajectories': 200,
               'noise_seed': None,
               'noise_std': 0.0,
               'output_name': 'vdp_test_data',
               'settings': 'data_generation/vdp.yaml',
               'time_horizon': 15.0},
 'data_path': '/home/giuseppe/Desktop/KTH/Thesis/flumen-G/data/vdp_test_data.pkl',
 'data_settings': {'control_delta': 0.2,
                   'dynamics': {'args': {'damping': 1.0}, 'name': 'VanDerPol'},
                   'sequence_generator': {'args': {'period': 5},
                                          'name': 'GaussianSqWave'}}}
Timings: 0.04358696937561035, 1.3112473487854004
0.12138781173908861

------------------------------------------------------------------------------------------------------------------------------------------------

033___x-update-beta


PS C:\Users\g7fie\OneDrive\Documenti\GitHub\flumen-G> python.exe .\experiments\interactive_test.py --wandb aguiar-kth-royal-institute-of-technology/g7-fiengo-msc-thesis/flow_model-vdp_test_data-vdp_test-b78zoxh5:v31
wandb:   2 of 2 files downloaded.  
{'_runtime': 11596.988310016, '_step': 89, '_timestamp': 1741556368.7455869, '_wandb': {'runtime': 11596}, 'best_epoch': 70, 'best_test': 0.025469546516736347, 'best_train': 0.020823853031273872, 'best_val': 0.05242124152561975, 'epoch': 90, 'lr': 0.00025, 'test_loss': 0.028552606967943057, 'time': 11577.355808258057, 'train_loss': 0.017268735077724886, 'val_loss': 0.05523285769399197}
{'args': {'control_dim': 1,
          'control_rnn_depth': 1,
          'control_rnn_size': 8,
          'decoder_depth': 2,
          'decoder_size': 1,
          'discretisation_mode': 'TU',
          'encoder_depth': 2,
          'encoder_size': 1,
          'output_dim': 2,
          'state_dim': 2,
          'use_batch_norm': False,
          'x_update_mode': 'beta'},
 'data_args': {'data_split': [20, 20],
               'n_samples': 200,
               'n_trajectories': 200,
               'noise_seed': None,
               'noise_std': 0.0,
               'output_name': 'vdp_test_data',
               'settings': 'data_generation/vdp.yaml',
               'time_horizon': 15.0},
 'data_path': '/home/giuseppe/Desktop/KTH/Thesis/flumen-G/data/vdp_test_data.pkl',
 'data_settings': {'control_delta': 0.2,
                   'dynamics': {'args': {'damping': 1.0}, 'name': 'VanDerPol'},       
                   'sequence_generator': {'args': {'period': 5},
                                          'name': 'GaussianSqWave'}}}
Timings: 0.024146556854248047, 0.9614689350128174
0.08689986454111394

------------------------------------------------------------------------------------------------------------------------------------------------

034___improving-beta


PS C:\Users\g7fie\OneDrive\Documenti\GitHub\flumen-G> python.exe .\experiments\interactive_test.py --wandb aguiar-kth-royal-institute-of-technology/g7-fiengo-msc-thesis/flow_model-vdp_test_data-vdp_test-qxz4by8s:v29
wandb:   2 of 2 files downloaded.  
{'_runtime': 21600.8713907, '_step': 125, '_timestamp': 1741641582.1955037, '_wandb': {'runtime': 21600}, 'best_epoch': 106, 'best_test': 0.1035991437910568, 'best_train': 0.01831837007332416, 'best_val': 0.02983867224778921, 'epoch': 126, 'lr': 0.000125, 'test_loss': 0.10504141532712512, 'time': 21569.769416570663, 'train_loss': 0.0167576711299637, 'val_loss': 0.03204075362355936}
{'args': {'control_dim': 1,
          'control_rnn_depth': 1,
          'control_rnn_size': 8,
          'decoder_depth': 2,
          'decoder_size': 1,
          'discretisation_mode': 'TU',    
          'dyn_factor': 0.2,
          'encoder_depth': 2,
          'encoder_size': 1,
          'mhu': 1.0,
          'output_dim': 2,
          'state_dim': 2,
          'use_batch_norm': False,        
          'x_update_mode': 'beta'},       
 'data_args': {'data_split': [20, 20],    
               'n_samples': 200,
               'n_trajectories': 200,     
               'noise_seed': None,        
               'noise_std': 0.0,
               'output_name': 'vdp_test_data',
               'settings': 'data_generation/vdp.yaml',
               'time_horizon': 15.0},     
 'data_path': 'C:/Users/g7fie/OneDrive/Documenti/GitHub/flumen-G/data/vdp_test_data.pkl',
 'data_settings': {'control_delta': 0.2,  
                   'dynamics': {'args': {'damping': 1.0}, 'name': 'VanDerPol'},     
                   'sequence_generator': {'args': {'period': 5},
                                          
'name': 'GaussianSqWave'}}}
Timings: 0.01369166374206543, 0.9643771648406982
0.0337769220480612

------------------------------------------------------------------------------------------------------------------------------------------------

035___improving-alpha


PS C:\Users\g7fie\OneDrive\Documenti\GitHub\flumen-G> python.exe .\experiments\interactive_test.py --wandb aguiar-kth-royal-institute-of-technology/g7-fiengo-msc-thesis/flow_model-vdp_test_data-vdp_test-8ahrqtni:v39
wandb:   2 of 2 files downloaded.  
{'_runtime': 17827.271294305, '_step': 130, '_timestamp': 1741641105.369735, '_wandb': {'runtime': 17827}, 'best_epoch': 111, 'best_test': 0.0369229315233136, 'best_train': 0.01782039366169739, 'best_val': 0.047414959925744266, 'epoch': 131, 'lr': 0.000125, 'test_loss': 0.03637387721784531, 'time': 17803.01145029068, 'train_loss': 0.01787952652999333, 'val_loss': 0.05475342119970019}
{'args': {'control_dim': 1,
          'control_rnn_depth': 1,
          'control_rnn_size': 8,
          'decoder_depth': 2,
          'decoder_size': 1,
          'discretisation_mode': 'TU',    
          'dyn_factor': 0.2,
          'encoder_depth': 2,
          'encoder_size': 1,
          'mhu': 1.0,
          'output_dim': 2,
          'state_dim': 2,
          'use_batch_norm': False,        
          'x_update_mode': 'alpha'},      
 'data_args': {'data_split': [20, 20],    
               'n_samples': 200,
               'n_trajectories': 200,     
               'noise_seed': None,        
               'noise_std': 0.0,
               'output_name': 'vdp_test_data',
               'settings': 'data_generation/vdp.yaml',
               'time_horizon': 15.0},     
 'data_path': '/home/giuseppe/Desktop/KTH/Thesis/flumen-G/data/vdp_test_data.pkl',  
 'data_settings': {'control_delta': 0.2,  
                   'dynamics': {'args': {'damping': 1.0}, 'name': 'VanDerPol'},     
                   'sequence_generator': {'args': {'period': 5},
                                          
'name': 'GaussianSqWave'}}}
Timings: 0.014618396759033203, 0.9455106258392334
0.009570495310725496

------------------------------------------------------------------------------------------------------------------------------------------------

036___improving-alpha


PS C:\Users\g7fie\OneDrive\Documenti\GitHub\flumen-G> python.exe .\experiments\interactive_test.py --wandb aguiar-kth-royal-institute-of-technology/g7-fiengo-msc-thesis/flow_model-vdp_test_data-vdp_test-040riohi:v40
wandb:   2 of 2 files downloaded.  
{'_runtime': 20161.1053874, '_step': 126, '_timestamp': 1741669341.200771, '_wandb': {'runtime': 20161}, 'best_epoch': 107, 'best_test': 0.15756188126073944, 'best_train': 0.025609337325607027, 'best_val': 0.227717852545163, 'epoch': 127, 'lr': 0.00025, 'test_loss': 0.13595869276849998, 'time': 20122.635061740875, 'train_loss': 0.024088118387947954, 'val_loss': 0.22873365618879832}
{'args': {'control_dim': 1,
          'control_rnn_depth': 1,
          'control_rnn_size': 8,
          'decoder_depth': 2,
          'decoder_size': 1,
          'discretisation_mode': 'TU',
          'dyn_factor': 0.2,
          'encoder_depth': 2,
          'encoder_size': 1,
          'mhu': 1.0,
          'output_dim': 2,
          'state_dim': 2,
          'use_batch_norm': False,
          'x_update_mode': 'alpha'},
 'data_args': {'data_split': [20, 20],
               'n_samples': 200,
               'n_trajectories': 200,
               'noise_seed': None,
               'noise_std': 0.0,
               'output_name': 'vdp_test_data',
               'settings': 'data_generation/vdp.yaml',
               'time_horizon': 15.0},
 'data_path': 'C:/Users/g7fie/OneDrive/Documenti/GitHub/flumen-G/data/vdp_test_data.pkl',
 'data_settings': {'control_delta': 0.2,   
                   'dynamics': {'args': {'damping': 1.0}, 'name': 'VanDerPol'},       
                   'sequence_generator': {'args': {'period': 5},
                                          'name': 'GaussianSqWave'}}}
Timings: 0.021219968795776367, 0.848480224609375
0.047089060654373224

------------------------------------------------------------------------------------------------------------------------------------------------

037___improving-beta


PS C:\Users\g7fie\OneDrive\Documenti\GitHub\flumen-G> python.exe .\experiments\interactive_test.py --wandb aguiar-kth-royal-institute-of-technology/g7-fiengo-msc-thesis/flow_model-vdp_test_data-vdp_test-gtf3bxu5:v49
wandb:   2 of 2 files downloaded.  
{'_runtime': 23429.738305802, '_step': 183, '_timestamp': 1741672659.4781094, '_wandb': {'runtime': 23429}, 'best_epoch': 164, 'best_test': 0.05146576198084014, 'best_train': 0.01903745942507629, 'best_val': 0.02815484595558946, 'epoch': 184, 'lr': 0.000125, 'test_loss': 0.0547664255968162, 'time': 23409.78754425049, 'train_loss': 0.018740728216630125, 'val_loss': 0.028786422803051888}
{'args': {'control_dim': 1,
          'control_rnn_depth': 1,
          'control_rnn_size': 8,
          'decoder_depth': 2,
          'decoder_size': 1,
          'discretisation_mode': 'TU',
          'dyn_factor': 0.2,
          'encoder_depth': 2,
          'encoder_size': 1,
          'mhu': 1.0,
          'output_dim': 2,
          'state_dim': 2,
          'use_batch_norm': False,
          'x_update_mode': 'beta'},
 'data_args': {'data_split': [20, 20],
               'n_samples': 200,
               'n_trajectories': 200,
               'noise_seed': None,
               'noise_std': 0.0,
               'output_name': 'vdp_test_data',
               'settings': 'data_generation/vdp.yaml',
               'time_horizon': 15.0},
 'data_path': '/home/giuseppe/Desktop/KTH/Thesis/flumen-G/data/vdp_test_data.pkl',
 'data_settings': {'control_delta': 0.2,   
                   'dynamics': {'args': {'damping': 1.0}, 'name': 'VanDerPol'},       
                   'sequence_generator': {'args': {'period': 5},
                                          'name': 'GaussianSqWave'}}}
Timings: 0.04308748245239258, 1.0234084129333496
0.038073509005365415

------------------------------------------------------------------------------------------------------------------------------------------------

038___hyperparams-set-1


PS C:\Users\g7fie\OneDrive\Documenti\GitHub\flumen-G> python.exe .\experiments\interactive_test.py --wandb aguiar-kth-royal-institute-of-technology/g7-fiengo-msc-thesis/flow_model-vdp_test_data-vdp_test-wzkcth7i:v25
wandb: Using wandb-core as the SDK backend.  Please refer to https://wandb.me/wandb-core for more information.
wandb:   2 of 2 files downloaded.  
{'_runtime': 18812.5908758, '_step': 113, '_timestamp': 1741824679.444635, '_wandb': {'runtime': 18985}, 'batch_size': 128, 'best_epoch': 98, 'best_test': 0.032758295240383296, 'best_train': 0.018323482102936224, 'best_val': 0.1541849288734652, 'epoch': 113, 'lr': 0.000125, 'n_epochs': 500, 'test_loss': 0.03999957615243537, 'time': 18786.76917457581, 'train_loss': 0.009215078745332976, 'val_loss': 0.1645800969785168}
{'args': {'control_dim': 1,
          'control_rnn_depth': 1,
          'control_rnn_size': 20,
          'decoder_depth': 2,
          'decoder_size': 2,
          'discretisation_mode': 'FE',
          'dyn_factor': 0.2,
          'encoder_depth': 2,
          'encoder_size': 1,
          'mhu': 1.0,
          'output_dim': 2,
          'state_dim': 2,
          'use_batch_norm': False,
          'x_update_mode': 'alpha'},
 'data_args': {'data_split': [20, 20],
               'n_samples': 200,
               'n_trajectories': 200,
               'noise_seed': None,
               'noise_std': 0.0,
               'output_name': 'vdp_test_data',
               'settings': 'data_generation/vdp.yaml',
               'time_horizon': 15.0},
 'data_path': 'C:/Users/g7fie/OneDrive/Documenti/GitHub/flumen-G/data/vdp_test_data.pkl',
 'data_settings': {'control_delta': 0.2,
                   'dynamics': {'args': {'damping': 1.0}, 'name': 'VanDerPol'},
                   'sequence_generator': {'args': {'period': 5},
                                          'name': 'GaussianSqWave'}}}
Timings: 0.023486852645874023, 1.7690238952636719
0.007873760908303884

------------------------------------------------------------------------------------------------------------------------------------------------

039___hyperparams-set-2


PS C:\Users\g7fie\OneDrive\Documenti\GitHub\flumen-G> python.exe .\experiments\interactive_test.py --wandb aguiar-kth-royal-institute-of-technology/g7-fiengo-msc-thesis/flow_model-vdp_test_data-vdp_test-635caij8:v24
wandb: Using wandb-core as the SDK backend.  Please refer to https://wandb.me/wandb-core for more information.
wandb:   2 of 2 files downloaded.  
{'_runtime': 13081.172081066, '_step': 64, '_timestamp': 1741819893.582723, '_wandb': {'runtime': 13081}, 'batch_size': 64, 'best_epoch': 54, 'best_test': 0.426040991845112, 'best_train': 0.0412505230784851, 'best_val': 0.0775034295927201, 'epoch': 64, 'lr': 0.00075, 'n_epochs': 600, 'test_loss': 0.3696995698329475, 'time': 13057.94013261795, 'train_loss': 0.022297281211128443, 'val_loss': 0.0940718236157582}
{'args': {'control_dim': 1,
          'control_rnn_depth': 1,
          'control_rnn_size': 8,
          'decoder_depth': 1,
          'decoder_size': 2,
          'discretisation_mode': 'FE',
          'dyn_factor': 0.2,
          'encoder_depth': 1,
          'encoder_size': 2,
          'mhu': 1.0,
          'output_dim': 2,
          'state_dim': 2,
          'use_batch_norm': False,
          'x_update_mode': 'alpha'},
 'data_args': {'data_split': [20, 20],
               'n_samples': 200,
               'n_trajectories': 200,
               'noise_seed': None,
               'noise_std': 0.0,
               'output_name': 'vdp_test_data',
               'settings': 'data_generation/vdp.yaml',
               'time_horizon': 15.0},
 'data_path': '/home/giuseppe/Desktop/KTH/Thesis/flumen-G/data/vdp_test_data.pkl',
 'data_settings': {'control_delta': 0.2,
                   'dynamics': {'args': {'damping': 1.0}, 'name': 'VanDerPol'},
                   'sequence_generator': {'args': {'period': 5},
                                          'name': 'GaussianSqWave'}}}
Timings: 0.021502256393432617, 1.6219422817230225
0.03277617213795564

------------------------------------------------------------------------------------------------------------------------------------------------

040___hyperparams-swift-1


PS C:\Users\g7fie\OneDrive\Documenti\GitHub\flumen-G> python.exe .\experiments\interactive_test.py --wandb aguiar-kth-royal-institute-of-technology/g7-fiengo-msc-thesis/flow_model-vdp_test_data-vdp_test-58nk6wdy:v43
wandb: Using wandb-core as the SDK backend.  Please refer to https://wandb.me/wandb-core for more information.
wandb:   2 of 2 files downloaded.  
{'_runtime': 8827.003309655, '_step': 120, '_timestamp': 1741833651.5183764, '_wandb': {'runtime': 8827}, 'batch_size': 256, 'best_epoch': 100, 'best_test': 0.059200827148742974, 'best_train': 0.029671121996484303, 'best_val': 0.04542305477662012, 'epoch': 120, 'lr': 0.00025, 'n_epochs': 500, 'test_loss': 0.06239888025447726, 'time': 8806.624128103256, 'train_loss': 0.019612554205875647, 'val_loss': 0.05699803400784731}
{'args': {'control_dim': 1,
          'control_rnn_depth': 1,
          'control_rnn_size': 12,
          'decoder_depth': 1,
          'decoder_size': 1,
          'discretisation_mode': 'TU',
          'dyn_factor': 0.2,
          'encoder_depth': 1,
          'encoder_size': 2,
          'mhu': 1.0,
          'output_dim': 2,
          'state_dim': 2,
          'use_batch_norm': False,
          'x_update_mode': 'beta'},
 'data_args': {'data_split': [20, 20],
               'n_samples': 200,
               'n_trajectories': 200,
               'noise_seed': None,
               'noise_std': 0.0,
               'output_name': 'vdp_test_data',
               'settings': 'data_generation/vdp.yaml',
               'time_horizon': 15.0},
 'data_path': '/home/giuseppe/Desktop/KTH/Thesis/flumen-G/data/vdp_test_data.pkl',
 'data_settings': {'control_delta': 0.2,
                   'dynamics': {'args': {'damping': 1.0}, 'name': 'VanDerPol'},
                   'sequence_generator': {'args': {'period': 5},
                                          'name': 'GaussianSqWave'}}}
Timings: 0.027868270874023438, 2.315601110458374
0.01693539198559973

------------------------------------------------------------------------------------------------------------------------------------------------

041___hyperparams-radiant-4


PS C:\Users\g7fie\OneDrive\Documenti\GitHub\flumen-G> python.exe .\experiments\interactive_test.py --wandb aguiar-kth-royal-institute-of-technology/g7-fiengo-msc-thesis/flow_model-vdp_test_data-vdp_test-zlt2prhi:v36
wandb: Using wandb-core as the SDK backend.  Please refer to https://wandb.me/wandb-core for more information.
wandb:   2 of 2 files downloaded.  
{'_runtime': 23117.1761192, '_step': 144, '_timestamp': 1741848031.0513425, '_wandb': {'runtime': 23118}, 'batch_size': 128, 'best_epoch': 124, 'best_test': 0.0475185111697231, 'best_train': 0.01072292075931001, 'best_val': 0.10124371233322316, 'epoch': 144, 'lr': 6.25e-05, 'n_epochs': 500, 'test_loss': 0.0479222886146061, 'time': 23089.85883140564, 'train_loss': 0.009571122266746388, 'val_loss': 0.1117571032946072}
{'args': {'control_dim': 1,
          'control_rnn_depth': 1,
          'control_rnn_size': 20,
          'decoder_depth': 2,
          'decoder_size': 2,
          'discretisation_mode': 'FE',     
          'dyn_factor': 0.2,
          'encoder_depth': 1,
          'encoder_size': 1,
          'mhu': 1.0,
          'output_dim': 2,
          'state_dim': 2,
          'use_batch_norm': False,
          'x_update_mode': 'alpha'},       
 'data_args': {'data_split': [20, 20],     
               'n_samples': 200,
               'n_trajectories': 200,      
               'noise_seed': None,
               'noise_std': 0.0,
               'output_name': 'vdp_test_data',
               'settings': 'data_generation/vdp.yaml',
               'time_horizon': 15.0},      
 'data_path': 'C:/Users/g7fie/OneDrive/Documenti/GitHub/flumen-G/data/vdp_test_data.pkl',
 'data_settings': {'control_delta': 0.2,   
                   'dynamics': {'args': {'damping': 1.0}, 'name': 'VanDerPol'},       
                   'sequence_generator': {'args': {'period': 5},
                                          'name': 'GaussianSqWave'}}}
Timings: 0.05693769454956055, 1.7554936408996582
0.030757314885140427

------------------------------------------------------------------------------------------------------------------------------------------------

042___hyperparams___opt_best_1


PS C:\Users\g7fie\OneDrive\Documenti\GitHub\flumen-G> python.exe .\experiments\interactive_test.py --wandb aguiar-kth-royal-institute-of-technology/g7-fiengo-msc-thesis/flow_model-vdp_test_data-vdp_test-yodr2mrv:v38
wandb: Using wandb-core as the SDK backend.  Please refer to https://wandb.me/wandb-core for more information.
wandb:   2 of 2 files downloaded.  
{'_runtime': 18601.3108741, '_step': 87, '_timestamp': 1741882667.967213, '_wandb': {'runtime': 18601}, 'batch_size': 128, 'best_epoch': 67, 'best_test': 0.06634693616439426, 'best_train': 0.031640093990419275, 'best_val': 0.09006652643992788, 'epoch': 87, 'lr': 0.0005, 'n_epochs': 1000, 'test_loss': 0.05605158446327088, 'time': 18531.320506334305, 'train_loss': 0.020195376044188543, 'val_loss': 0.09410358344515164}
{'args': {'control_dim': 1,
          'control_rnn_depth': 1,
          'control_rnn_size': 8,
          'decoder_depth': 2,
          'decoder_size': 1,
          'discretisation_mode': 'TU',
          'dyn_factor': 0.2,
          'encoder_depth': 2,
          'encoder_size': 1,
          'mhu': 1.0,
          'output_dim': 2,
          'state_dim': 2,
          'use_batch_norm': False,
          'x_update_mode': 'beta'},
 'data_args': {'data_split': [20, 20],
               'n_samples': 200,
               'n_trajectories': 200,
               'noise_seed': None,
               'noise_std': 0.0,
               'output_name': 'vdp_test_data',
               'settings': 'data_generation/vdp.yaml',
               'time_horizon': 15.0},
 'data_path': 'C:/Users/g7fie/OneDrive/Documenti/GitHub/flumen-G/data/vdp_test_data.pkl',
 'data_settings': {'control_delta': 0.2,
                   'dynamics': {'args': {'damping': 1.0}, 'name': 'VanDerPol'},
                   'sequence_generator': {'args': {'period': 5},
                                          'name': 'GaussianSqWave'}}}
Timings: 0.016526222229003906, 0.8239026069641113
0.004253248453199196

------------------------------------------------------------------------------------------------------------------------------------------------

043___hyperparams___opt_bayes_1


PS C:\Users\g7fie\OneDrive\Documenti\GitHub\flumen-G> python.exe .\experiments\interactive_test.py --wandb aguiar-kth-royal-institute-of-technology/g7-fiengo-msc-thesis/flow_model-vdp_test_data-vdp_test-t5ymmadl:v20
wandb: Using wandb-core as the SDK backend.  Please refer to https://wandb.me/wandb-core for more information.
wandb:   2 of 2 files downloaded.  
{'_runtime': 7603.51320808, '_step': 58, '_timestamp': 1741873667.2091389, '_wandb': {'runtime': 7603}, 'batch_size': 128, 'best_epoch': 38, 'best_test': 0.04849234371194764, 'best_train': 0.018132071237439516, 'best_val': 0.052082264322846655, 'epoch': 58, 'lr': 0.00025, 'n_epochs': 500, 'test_loss': 0.04370142495821393, 'time': 7582.564762830734, 'train_loss': 0.014893760269005149, 'val_loss': 0.05963793784261696}
{'args': {'control_dim': 1,
          'control_rnn_depth': 1,
          'control_rnn_size': 20,
          'decoder_depth': 2,
          'decoder_size': 2,
          'discretisation_mode': 'FE',
          'dyn_factor': 0.2,
          'encoder_depth': 1,
          'encoder_size': 1,
          'mhu': 1.0,
          'output_dim': 2,
          'state_dim': 2,
          'use_batch_norm': False,
          'x_update_mode': 'alpha'},
 'data_args': {'data_split': [20, 20],
               'n_samples': 200,
               'n_trajectories': 200,
               'noise_seed': None,
               'noise_std': 0.0,
               'output_name': 'vdp_test_data',
               'settings': 'data_generation/vdp.yaml',
               'time_horizon': 15.0},
 'data_path': '/home/giuseppe/Desktop/KTH/Thesis/flumen-G/data/vdp_test_data.pkl',
 'data_settings': {'control_delta': 0.2,
                   'dynamics': {'args': {'damping': 1.0}, 'name': 'VanDerPol'},
                   'sequence_generator': {'args': {'period': 5},      
                                   
       'name': 'GaussianSqWave'}}} 
Timings: 0.07372212409973145, 1.864884376525879
0.007038390274341493

------------------------------------------------------------------------------------------------------------------------------------------------

044___hyperparams___opt_best_2


PS C:\Users\g7fie\OneDrive\Documenti\GitHub\flumen-G> python.exe .\experiments\interactive_test.py --wandb aguiar-kth-royal-institute-of-technology/g7-fiengo-msc-thesis/flow_model-vdp_test_data-vdp_test-e1efyflb:v36
wandb: Using wandb-core as the SDK backend.  Please refer to https://wandb.me/wandb-core for more information.
wandb:   2 of 2 files downloaded.  
{'_runtime': 6459.454143329, '_step': 93, '_timestamp': 1741882446.3778567, '_wandb': {'runtime': 6459}, 'batch_size': 256, 'best_epoch': 73, 'best_test': 0.0933970334008336, 'best_train': 0.046414570353533094, 'best_val': 0.10525911825243384, 'epoch': 93, 'lr': 0.0005, 'n_epochs': 1000, 'test_loss': 0.100127711892128, 'time': 6442.120647192001, 'train_loss': 0.03298328363973843, 'val_loss': 0.2127576768398285}
{'args': {'control_dim': 1,
          'control_rnn_depth': 1,
          'control_rnn_size': 8,
          'decoder_depth': 2,
          'decoder_size': 1,
          'discretisation_mode': 'TU',
          'dyn_factor': 0.2,
          'encoder_depth': 2,
          'encoder_size': 1,
          'mhu': 1.0,
          'output_dim': 2,
          'state_dim': 2,
          'use_batch_norm': False,
          'x_update_mode': 'alpha'},
 'data_args': {'data_split': [20, 20],
               'n_samples': 200,
               'n_trajectories': 200,
               'noise_seed': None,
               'noise_std': 0.0,
               'output_name': 'vdp_test_data',
               'settings': 'data_generation/vdp.yaml',
               'time_horizon': 15.0},
 'data_path': '/home/giuseppe/Desktop/KTH/Thesis/flumen-G/data/vdp_test_data.pkl',
 'data_settings': {'control_delta': 0.2,
                   'dynamics': {'args': {'damping': 1.0}, 'name': 'VanDerPol'},
                   'sequence_generator': {'args': {'period': 5},
                                          'name': 'GaussianSqWave'}}}
Timings: 0.022310733795166016, 0.8055686950683594
0.037362636827926704

------------------------------------------------------------------------------------------------------------------------------------------------

045___hyperparams___opt_balanced_1 ####


PS C:\Users\g7fie\OneDrive\Documenti\GitHub\flumen-G> python.exe .\experiments\interactive_test.py --wandb aguiar-kth-royal-institute-of-technology/g7-fiengo-msc-thesis/flow_model-vdp_test_data-vdp_test-64k6gpp0:v14
wandb: Using wandb-core as the SDK backend.  Please refer to https://wandb.me/wandb-core for more information.
wandb:   2 of 2 files downloaded.  
{'_runtime': 11935.6086048, '_step': 72, '_timestamp': 1741898373.9301524, '_wandb': {'runtime': 11935}, 'batch_size': 128, 'best_epoch': 37, 'best_test': 0.05453523044430074, 'best_train': 0.02867371845675051, 'best_val': 0.0871459778457407, 'epoch': 72, 'lr': 0.00025, 'n_epochs': 1000, 'test_loss': 0.05989702445055757, 'time': 11906.330340385435, 'train_loss': 0.01179708170620774, 'val_loss': 0.11624310623913532}
{'args': {'control_dim': 1,
          'control_rnn_depth': 1,
          'control_rnn_size': 14,
          'decoder_depth': 2,
          'decoder_size': 1,
          'discretisation_mode': 'TU',
          'dyn_factor': 0.2,
          'encoder_depth': 2,
          'encoder_size': 1,
          'mhu': 1.0,
          'output_dim': 2,
          'state_dim': 2,
          'use_batch_norm': False,
          'x_update_mode': 'alpha'},
 'data_args': {'data_split': [20, 20],
               'n_samples': 200,
               'n_trajectories': 200,
               'noise_seed': None,
               'noise_std': 0.0,
               'output_name': 'vdp_test_data',
               'settings': 'data_generation/vdp.yaml',
               'time_horizon': 15.0},
 'data_path': 'C:/Users/g7fie/OneDrive/Documenti/GitHub/flumen-G/data/vdp_test_data.pkl',
 'data_settings': {'control_delta': 0.2,
                   'dynamics': {'args': {'damping': 1.0}, 'name': 'VanDerPol'},
                   'sequence_generator': {'args': {'period': 5},
                                          'name': 'GaussianSqWave'}}}
Timings: 0.01501321792602539, 0.7881793975830078
0.018308526860497804

------------------------------------------------------------------------------------------------------------------------------------------------

046___hyperparams___opt_balanced_2


PS C:\Users\g7fie\OneDrive\Documenti\GitHub\flumen-G> python.exe .\experiments\interactive_test.py --wandb aguiar-kth-royal-institute-of-technology/g7-fiengo-msc-thesis/flow_model-vdp_test_data-vdp_test-x83mqghm:v19
wandb: Using wandb-core as the SDK backend.  Please refer to https://wandb.me/wandb-core for more information.
wandb:   2 of 2 files downloaded.  
{'_runtime': 7944.6774927, '_step': 65, '_timestamp': 1741894454.9260068, '_wandb': {'runtime': 7944}, 'batch_size': 128, 'best_epoch': 45, 'best_test': 0.057132279145575705, 'best_train': 0.03496928833346203, 'best_val': 0.1002613367542388, 'epoch': 65, 'lr': 0.0005, 'n_epochs': 1000, 'test_loss': 0.05603789833803025, 'time': 7925.196460485458, 'train_loss': 0.026033652389530468, 'val_loss': 0.12433141328039624}
{'args': {'control_dim': 1,
          'control_rnn_depth': 1,
          'control_rnn_size': 8,
          'decoder_depth': 2,
          'decoder_size': 1,
          'discretisation_mode': 'TU',
          'dyn_factor': 0.2,
          'encoder_depth': 2,
          'encoder_size': 1,
          'mhu': 1.0,
          'output_dim': 2,
          'state_dim': 2,
          'use_batch_norm': False,
          'x_update_mode': 'alpha'},
 'data_args': {'data_split': [20, 20],
               'n_samples': 200,
               'n_trajectories': 200,
               'noise_seed': None,
               'noise_std': 0.0,
               'output_name': 'vdp_test_data',
               'settings': 'data_generation/vdp.yaml',
               'time_horizon': 15.0},
 'data_path': '/home/giuseppe/Desktop/KTH/Thesis/flumen-G/data/vdp_test_data.pkl',
 'data_settings': {'control_delta': 0.2,
                   'dynamics': {'args': {'damping': 1.0}, 'name': 'VanDerPol'},
                   'sequence_generator': {'args': {'period': 5},
                                          'name': 'GaussianSqWave'}}}
Timings: 0.014094829559326172, 0.9020476341247559
0.03089134695258193

------------------------------------------------------------------------------------------------------------------------------------------------

00_


PC ...

------------------------------------------------------------------------------------------------------------------------------------------------

00_


PC ...

------------------------------------------------------------------------------------------------------------------------------------------------

00_


PC ...

------------------------------------------------------------------------------------------------------------------------------------------------

00_


PC ...

------------------------------------------------------------------------------------------------------------------------------------------------

00_


PC ...

------------------------------------------------------------------------------------------------------------------------------------------------

00_


PC ...

------------------------------------------------------------------------------------------------------------------------------------------------

00_


PC ...

------------------------------------------------------------------------------------------------------------------------------------------------

00_


PC ...

------------------------------------------------------------------------------------------------------------------------------------------------

00_


PC ...

------------------------------------------------------------------------------------------------------------------------------------------------

00_


PC ...

------------------------------------------------------------------------------------------------------------------------------------------------
